2026-03-13 23:16:42.629 T:47053   debug <general>: CCurlFile::GetMimeType - <https://ei.phncdn.com/videos/202103/24/385616291/original/(m=eaf8GgaaaWavb)(mh=yvHrC_YZ_bLMf1PO)8.jpg> -> image/jpeg
2026-03-13 23:16:42.629 T:47053   debug <general>: CurlFile::Open - <https://ei.phncdn.com/videos/202103/24/385616291/original/(m=eaf8GgaaaWavb)(mh=yvHrC_YZ_bLMf1PO)8.jpg>
2026-03-13 23:16:42.863 T:47052   debug <general>: easy_acquire - Created session to https://ei.phncdn.com
2026-03-13 23:16:43.151 T:47053   debug <general>: Caching image 'https://ei.phncdn.com/videos/202103/24/385616291/original/(m=eaf8GgaaaWavb)(mh=yvHrC_YZ_bLMf1PO)8.jpg' to 'a/aff5f500.jpg':
2026-03-13 23:16:43.151 T:47053   debug <general>: cached image 'special://masterprofile/Thumbnails/a/aff5f500.jpg' size 320x240
2026-03-13 23:16:43.361 T:47052   debug <general>: CCurlFile::GetMimeType - <https://ei.phncdn.com/videos/202403/10/449366131/thumbs_20/(m=eaf8GgaaaWavb)(mh=rnbsMaQwDTqUyeOu)16.jpg> -> image/jpeg
2026-03-13 23:16:43.361 T:47052   debug <general>: CurlFile::Open - <https://ei.phncdn.com/videos/202403/10/449366131/thumbs_20/(m=eaf8GgaaaWavb)(mh=rnbsMaQwDTqUyeOu)16.jpg>
2026-03-13 23:16:43.560 T:47052   debug <general>: Caching image 'https://ei.phncdn.com/videos/202403/10/449366131/thumbs_20/(m=eaf8GgaaaWavb)(mh=rnbsMaQwDTqUyeOu)16.jpg' to '6/6e399e2c.jpg':
2026-03-13 23:16:43.560 T:47052   debug <general>: cached image 'special://masterprofile/Thumbnails/6/6e399e2c.jpg' size 320x240
2026-03-13 23:16:44.475 T:47095   debug <general>: easy_acquire - Created session to https://ic-vt-nss.xhcdn.com
2026-03-13 23:16:44.486 T:47037   debug <general>: Presentation: Frame was discarded by compositor
2026-03-13 23:16:45.255 T:47095   debug <general>: CCurlFile::GetMimeType - <https://ic-vt-nss.xhcdn.com/b/ZjBkZmYyZDYwZGY0ZDRjMTBhOTA5MjRiMGVhOWJjZjE/s(w:320,h:240),jpeg/027/217/702/hq.10.webp> -> image/jpeg
2026-03-13 23:16:45.255 T:47095   debug <general>: CurlFile::Open - <https://ic-vt-nss.xhcdn.com/b/ZjBkZmYyZDYwZGY0ZDRjMTBhOTA5MjRiMGVhOWJjZjE/s(w:320,h:240),jpeg/027/217/702/hq.10.webp>
2026-03-13 23:16:46.094 T:47095   debug <general>: Caching image 'https://ic-vt-nss.xhcdn.com/b/ZjBkZmYyZDYwZGY0ZDRjMTBhOTA5MjRiMGVhOWJjZjE/s(w:320,h:240),jpeg/027/217/702/hq.10.webp' to 'a/a1c875b9.jpg':
2026-03-13 23:16:46.094 T:47095   debug <general>: cached image 'special://masterprofile/Thumbnails/a/a1c875b9.jpg' size 427x240
2026-03-13 23:16:47.234 T:47095   debug <general>: CCurlFile::GetMimeType - <https://ic-vt-nss.xhcdn.com/b/NzFmNGNhODE2NTMxODY5NjIwZDE2MDFiMGUwMzYwMmE/s(w:320,h:240),jpeg/003/834/580/2000x2000.2.jpg> -> image/jpeg
2026-03-13 23:16:47.234 T:47095   debug <general>: CurlFile::Open - <https://ic-vt-nss.xhcdn.com/b/NzFmNGNhODE2NTMxODY5NjIwZDE2MDFiMGUwMzYwMmE/s(w:320,h:240),jpeg/003/834/580/2000x2000.2.jpg>
2026-03-13 23:16:47.477 T:47053   debug <general>: CCurlFile::GetMimeType - <https://ei.phncdn.com/videos/202011/12/369638942/original/(m=qISS76Vbeaf8GgaaaWavb)(mh=QnHMQBFszPNH6Yoe)0.jpg> -> image/jpeg
2026-03-13 23:16:47.477 T:47053   debug <general>: CurlFile::Open - <https://ei.phncdn.com/videos/202011/12/369638942/original/(m=qISS76Vbeaf8GgaaaWavb)(mh=QnHMQBFszPNH6Yoe)0.jpg>
2026-03-13 23:16:47.491 T:47095   debug <general>: Caching image 'https://ic-vt-nss.xhcdn.com/b/NzFmNGNhODE2NTMxODY5NjIwZDE2MDFiMGUwMzYwMmE/s(w:320,h:240),jpeg/003/834/580/2000x2000.2.jpg' to '3/304287e0.jpg':
2026-03-13 23:16:47.491 T:47095   debug <general>: cached image 'special://masterprofile/Thumbnails/3/304287e0.jpg' size 320x240
2026-03-13 23:16:47.647 T:46997   debug <general>: ProcessMouse: trying mouse action wheeldown
2026-03-13 23:16:47.669 T:47095   debug <general>: Skipped 3 duplicate messages..
2026-03-13 23:16:47.669 T:47095   debug <general>: easy_acquire - Created session to https://ic-vt-nss.xhcdn.com
2026-03-13 23:16:47.679 T:46997   debug <general>: ProcessMouse: trying mouse action wheeldown
2026-03-13 23:16:47.719 T:47053   debug <general>: Skipped 5 duplicate messages..
2026-03-13 23:16:47.719 T:47053   debug <general>: Caching image 'https://ei.phncdn.com/videos/202011/12/369638942/original/(m=qISS76Vbeaf8GgaaaWavb)(mh=QnHMQBFszPNH6Yoe)0.jpg' to 'f/ff0ccc2a.jpg':
2026-03-13 23:16:47.719 T:47053   debug <general>: cached image 'special://masterprofile/Thumbnails/f/ff0ccc2a.jpg' size 320x240
2026-03-13 23:16:47.725 T:46997   debug <general>: ProcessMouse: trying mouse action wheeldown
2026-03-13 23:16:47.735 T:47053   debug <general>: easy_acquire - Created session to https://thumb.live.mmcdn.com
2026-03-13 23:16:47.736 T:46997   debug <general>: ProcessMouse: trying mouse action wheeldown
2026-03-13 23:16:47.815 T:47052   debug <general>: Skipped 6 duplicate messages..
2026-03-13 23:16:47.815 T:47052   debug <general>: CCurlFile::GetMimeType - <https://ei.phncdn.com/videos/202504/08/466945155/original/(m=eaf8GgaaaWavb)(mh=Qa4mi1rTn8-z7rlD)1.jpg> -> image/jpeg
2026-03-13 23:16:47.816 T:47052   debug <general>: CurlFile::Open - <https://ei.phncdn.com/videos/202504/08/466945155/original/(m=eaf8GgaaaWavb)(mh=Qa4mi1rTn8-z7rlD)1.jpg>
2026-03-13 23:16:47.825 T:46997   debug <general>: ProcessMouse: trying mouse action wheeldown
2026-03-13 23:16:48.030 T:47052   debug <general>: Skipped 3 duplicate messages..
2026-03-13 23:16:48.030 T:47052   debug <general>: Caching image 'https://ei.phncdn.com/videos/202504/08/466945155/original/(m=eaf8GgaaaWavb)(mh=Qa4mi1rTn8-z7rlD)1.jpg' to '0/04ef6e31.jpg':
2026-03-13 23:16:48.030 T:47052   debug <general>: cached image 'special://masterprofile/Thumbnails/0/04ef6e31.jpg' size 320x240
2026-03-13 23:16:48.058 T:46997   debug <general>: ProcessMouse: trying mouse action wheeldown
2026-03-13 23:16:48.062 T:47053   debug <general>: CCurlFile::GetMimeType - <https://thumb.live.mmcdn.com/ri/jennycutey.jpg> -> image/jpeg
2026-03-13 23:16:48.062 T:47053   debug <general>: CurlFile::Open - <https://thumb.live.mmcdn.com/ri/jennycutey.jpg>
2026-03-13 23:16:48.069 T:46997   debug <general>: ProcessMouse: trying mouse action wheeldown
2026-03-13 23:16:48.235 T:47053   debug <general>: Skipped 2 duplicate messages..
2026-03-13 23:16:48.235 T:47053   debug <general>: Caching image 'https://thumb.live.mmcdn.com/ri/jennycutey.jpg' to '0/0705941f.jpg':
2026-03-13 23:16:48.235 T:47053   debug <general>: cached image 'special://masterprofile/Thumbnails/0/0705941f.jpg' size 360x270
2026-03-13 23:16:48.251 T:47053   debug <general>: easy_acquire - Created session to https://ic-vt-nss.xhcdn.com
2026-03-13 23:16:48.276 T:47095   debug <general>: CCurlFile::GetMimeType - <https://ic-vt-nss.xhcdn.com/b/YmIzYWNlNWJjNjc0NDc1NjQwNWU0NzQwYzY1MzM1MDE/s(w:320,h:240),jpeg/006/380/730/2000x2000.1.jpg> -> image/jpeg
2026-03-13 23:16:48.277 T:47095   debug <general>: CurlFile::Open - <https://ic-vt-nss.xhcdn.com/b/YmIzYWNlNWJjNjc0NDc1NjQwNWU0NzQwYzY1MzM1MDE/s(w:320,h:240),jpeg/006/380/730/2000x2000.1.jpg>
2026-03-13 23:16:48.299 T:47051   debug <general>: CCurlFile::GetMimeType - <https://ic-vt-nss.xhcdn.com/b/ODJiMGFkNTVlNTQzMDc1OTdjODY0M2NlMzUwNDI5NDk/s(w:320,h:240),jpeg/012/973/427/2000x2000.10.jpg> -> image/jpeg
2026-03-13 23:16:48.300 T:47051   debug <general>: CurlFile::Open - <https://ic-vt-nss.xhcdn.com/b/ODJiMGFkNTVlNTQzMDc1OTdjODY0M2NlMzUwNDI5NDk/s(w:320,h:240),jpeg/012/973/427/2000x2000.10.jpg>
2026-03-13 23:16:48.302 T:46997   debug <general>: ProcessMouse: trying mouse action wheeldown
2026-03-13 23:16:48.563 T:47052   debug <general>: Skipped 2 duplicate messages..
2026-03-13 23:16:48.563 T:47052   debug <general>: CCurlFile::GetMimeType - <https://ei.phncdn.com/videos/202308/09/437114401/original/(m=qKHKOTYbeaf8GgaaaWavb)(mh=ML1OougC7Gso3zVq)0.jpg> -> image/jpeg
2026-03-13 23:16:48.563 T:47052   debug <general>: CurlFile::Open - <https://ei.phncdn.com/videos/202308/09/437114401/original/(m=qKHKOTYbeaf8GgaaaWavb)(mh=ML1OougC7Gso3zVq)0.jpg>
2026-03-13 23:16:48.569 T:46997   debug <general>: ProcessMouse: trying mouse action wheeldown
2026-03-13 23:16:48.590 T:47051   debug <general>: Skipped 1 duplicate messages..
2026-03-13 23:16:48.590 T:47051   debug <general>: Caching image 'https://ic-vt-nss.xhcdn.com/b/ODJiMGFkNTVlNTQzMDc1OTdjODY0M2NlMzUwNDI5NDk/s(w:320,h:240),jpeg/012/973/427/2000x2000.10.jpg' to 'a/acfeb67d.jpg':
2026-03-13 23:16:48.590 T:47051   debug <general>: cached image 'special://masterprofile/Thumbnails/a/acfeb67d.jpg' size 427x240
2026-03-13 23:16:48.592 T:46997   debug <general>: ProcessMouse: trying mouse action wheeldown
2026-03-13 23:16:48.605 T:47051   debug <general>: Skipped 2 duplicate messages..
2026-03-13 23:16:48.605 T:47051   debug <general>: easy_acquire - Created session to https://gcore-pic.xvideos-cdn.com
2026-03-13 23:16:48.614 T:46997   debug <general>: ProcessMouse: trying mouse action wheeldown
2026-03-13 23:16:48.774 T:47052   debug <general>: Skipped 16 duplicate messages..
2026-03-13 23:16:48.774 T:47052   debug <general>: Caching image 'https://ei.phncdn.com/videos/202308/09/437114401/original/(m=qKHKOTYbeaf8GgaaaWavb)(mh=ML1OougC7Gso3zVq)0.jpg' to 'e/e35b6bc0.jpg':
2026-03-13 23:16:48.774 T:47052   debug <general>: cached image 'special://masterprofile/Thumbnails/e/e35b6bc0.jpg' size 320x240
2026-03-13 23:16:48.789 T:47052   debug <general>: easy_acquire - Created session to https://thumb-v2.xhcdn.com
2026-03-13 23:16:48.792 T:46997   debug <general>: ProcessMouse: trying mouse action wheeldown
2026-03-13 23:16:48.874 T:47053   debug <general>: CCurlFile::GetMimeType - <https://ic-vt-nss.xhcdn.com/b/NjJkMTYwMDRkMzQ0ZmM2ZWIxNDYzNWI1MTQxNjc4YTM/s(w:320,h:240),jpeg/028/363/693/hq.1.webp> -> image/jpeg
2026-03-13 23:16:48.874 T:47053   debug <general>: CurlFile::Open - <https://ic-vt-nss.xhcdn.com/b/NjJkMTYwMDRkMzQ0ZmM2ZWIxNDYzNWI1MTQxNjc4YTM/s(w:320,h:240),jpeg/028/363/693/hq.1.webp>
2026-03-13 23:16:48.959 T:46997   debug <general>: ProcessMouse: trying mouse action wheeldown
2026-03-13 23:16:49.019 T:47095   debug <general>: Caching image 'https://ic-vt-nss.xhcdn.com/b/YmIzYWNlNWJjNjc0NDc1NjQwNWU0NzQwYzY1MzM1MDE/s(w:320,h:240),jpeg/006/380/730/2000x2000.1.jpg' to 'd/d8e0b6de.jpg':
2026-03-13 23:16:49.019 T:47095   debug <general>: cached image 'special://masterprofile/Thumbnails/d/d8e0b6de.jpg' size 322x240
2026-03-13 23:16:49.035 T:47095   debug <general>: easy_acquire - Created session to https://thumb-cdn77.others-cdn.com
2026-03-13 23:16:49.037 T:46997   debug <general>: ProcessMouse: trying mouse action wheeldown
2026-03-13 23:16:49.189 T:47053   debug <general>: Skipped 19 duplicate messages..
2026-03-13 23:16:49.189 T:47053   debug <general>: Caching image 'https://ic-vt-nss.xhcdn.com/b/NjJkMTYwMDRkMzQ0ZmM2ZWIxNDYzNWI1MTQxNjc4YTM/s(w:320,h:240),jpeg/028/363/693/hq.1.webp' to '1/119320f5.jpg':
2026-03-13 23:16:49.189 T:47053   debug <general>: cached image 'special://masterprofile/Thumbnails/1/119320f5.jpg' size 427x240
2026-03-13 23:16:49.194 T:46997   debug <general>: ProcessMouse: trying mouse action wheeldown
2026-03-13 23:16:49.205 T:47053   debug <general>: Skipped 1 duplicate messages..
2026-03-13 23:16:49.205 T:47053   debug <general>: easy_acquire - Created session to https://thumb-cdn77.others-cdn.com
2026-03-13 23:16:49.215 T:46997   debug <general>: ProcessMouse: trying mouse action wheeldown
2026-03-13 23:16:49.292 T:47052   debug <general>: Skipped 2 duplicate messages..
2026-03-13 23:16:49.292 T:47052   debug <general>: CCurlFile::GetMimeType - <https://thumb-v2.xhcdn.com/a/ceQqNU8kT4_lmwDMorH5sw/001/756/762/320x240.10.jpg> -> image/jpeg
2026-03-13 23:16:49.292 T:47052   debug <general>: CurlFile::Open - <https://thumb-v2.xhcdn.com/a/ceQqNU8kT4_lmwDMorH5sw/001/756/762/320x240.10.jpg>
2026-03-13 23:16:49.426 T:46997   debug <general>: ProcessMouse: trying mouse action wheeldown
2026-03-13 23:16:49.475 T:47052   debug <general>: Skipped 4 duplicate messages..
2026-03-13 23:16:49.475 T:47052   debug <general>: Caching image 'https://thumb-v2.xhcdn.com/a/ceQqNU8kT4_lmwDMorH5sw/001/756/762/320x240.10.jpg' to '8/8e855666.jpg':
2026-03-13 23:16:49.475 T:47052   debug <general>: cached image 'special://masterprofile/Thumbnails/8/8e855666.jpg' size 320x240
2026-03-13 23:16:49.482 T:46997   debug <general>: ProcessMouse: trying mouse action wheeldown
2026-03-13 23:16:49.491 T:47052   debug <general>: Skipped 1 duplicate messages..
2026-03-13 23:16:49.491 T:47052   debug <general>: easy_acquire - Created session to https://gcore-pic.xvideos-cdn.com
2026-03-13 23:16:49.494 T:46997   debug <general>: ProcessMouse: trying mouse action wheeldown
2026-03-13 23:16:50.019 T:47052   debug <general>: Skipped 17 duplicate messages..
2026-03-13 23:16:50.019 T:47052   debug <general>: CCurlFile::GetMimeType - <https://gcore-pic.xvideos-cdn.com/videos/thumbs169ll/6e/d8/3c/6ed83c9df6fd28c83f4d4d3d20f754e9/6ed83c9df6fd28c83f4d4d3d20f754e9.30.jpg> -> image/jpeg
2026-03-13 23:16:50.019 T:47052   debug <general>: CurlFile::Open - <https://gcore-pic.xvideos-cdn.com/videos/thumbs169ll/6e/d8/3c/6ed83c9df6fd28c83f4d4d3d20f754e9/6ed83c9df6fd28c83f4d4d3d20f754e9.30.jpg>
2026-03-13 23:16:50.062 T:46997   debug <general>: ProcessMouse: trying mouse action wheelup
2026-03-13 23:16:50.173 T:47095   debug <general>: Skipped 15 duplicate messages..
2026-03-13 23:16:50.173 T:47095   debug <general>: CCurlFile::GetMimeType - <https://thumb-cdn77.others-cdn.com/e06dda0e-d55e-45d3-a063-f421d628af14/0/xv_22_t.jpg> -> image/jpeg
2026-03-13 23:16:50.173 T:47095   debug <general>: CurlFile::Open - <https://thumb-cdn77.others-cdn.com/e06dda0e-d55e-45d3-a063-f421d628af14/0/xv_22_t.jpg>
2026-03-13 23:16:50.183 T:46997   debug <general>: ProcessMouse: trying mouse action wheelup
2026-03-13 23:16:50.215 T:47053   debug <general>: Skipped 3 duplicate messages..
2026-03-13 23:16:50.215 T:47053   debug <general>: CCurlFile::GetMimeType - <https://thumb-cdn77.others-cdn.com/596d2312-5d9b-4f7d-bd7a-33e78ed98c02/0/xv_28_t.jpg> -> image/jpeg
2026-03-13 23:16:50.215 T:47053   debug <general>: CurlFile::Open - <https://thumb-cdn77.others-cdn.com/596d2312-5d9b-4f7d-bd7a-33e78ed98c02/0/xv_28_t.jpg>
2026-03-13 23:16:50.216 T:46997   debug <general>: ProcessMouse: trying mouse action wheelup
2026-03-13 23:16:50.578 T:47052   debug <general>: Skipped 24 duplicate messages..
2026-03-13 23:16:50.578 T:47052   debug <general>: Caching image 'https://gcore-pic.xvideos-cdn.com/videos/thumbs169ll/6e/d8/3c/6ed83c9df6fd28c83f4d4d3d20f754e9/6ed83c9df6fd28c83f4d4d3d20f754e9.30.jpg' to '4/498a6ea1.jpg':
2026-03-13 23:16:50.578 T:47052   debug <general>: cached image 'special://masterprofile/Thumbnails/4/498a6ea1.jpg' size 352x198
2026-03-13 23:16:50.606 T:46997   debug <general>: ProcessMouse: trying mouse action wheelup
2026-03-13 23:16:50.944 T:47051   debug <general>: Skipped 25 duplicate messages..
2026-03-13 23:16:50.944 T:47051   debug <general>: CCurlFile::GetMimeType - <https://gcore-pic.xvideos-cdn.com/videos/thumbs169ll/c9/6c/02/c96c02023d409dd21717899365464b7b-1/c96c02023d409dd21717899365464b7b.4.jpg> -> failed
2026-03-13 23:16:50.944 T:47051   debug <general>: CurlFile::Open - <https://gcore-pic.xvideos-cdn.com/videos/thumbs169ll/c9/6c/02/c96c02023d409dd21717899365464b7b-1/c96c02023d409dd21717899365464b7b.4.jpg>
2026-03-13 23:16:50.966 T:47095   debug <general>: Caching image 'https://thumb-cdn77.others-cdn.com/e06dda0e-d55e-45d3-a063-f421d628af14/0/xv_22_t.jpg' to 'a/a0a25b96.jpg':
2026-03-13 23:16:50.966 T:47095   debug <general>: cached image 'special://masterprofile/Thumbnails/a/a0a25b96.jpg' size 600x337
2026-03-13 23:16:50.969 T:47053   debug <general>: Caching image 'https://thumb-cdn77.others-cdn.com/596d2312-5d9b-4f7d-bd7a-33e78ed98c02/0/xv_28_t.jpg' to '1/1f125b90.jpg':
2026-03-13 23:16:50.969 T:47053   debug <general>: cached image 'special://masterprofile/Thumbnails/1/1f125b90.jpg' size 600x337
2026-03-13 23:16:50.988 T:47095   debug <general>: easy_acquire - Created session to https://thumb-v6.xhcdn.com
2026-03-13 23:16:51.085 T:46997   debug <general>: ProcessMouse: trying mouse action wheelup
2026-03-13 23:16:51.099 T:47052   debug <general>: CCurlFile::GetMimeType - <https://ei.phncdn.com/videos/202409/21/458053461/original/(m=eaf8GgaaaWavb)(mh=dio6rrkksQ3ZmV44)13.jpg> -> image/jpeg
2026-03-13 23:16:51.099 T:47052   debug <general>: CurlFile::Open - <https://ei.phncdn.com/videos/202409/21/458053461/original/(m=eaf8GgaaaWavb)(mh=dio6rrkksQ3ZmV44)13.jpg>
2026-03-13 23:16:51.118 T:46997   debug <general>: ProcessMouse: trying mouse action wheelup
2026-03-13 23:16:51.261 T:47053   debug <general>: Skipped 15 duplicate messages..
2026-03-13 23:16:51.261 T:47053   debug <general>: CCurlFile::GetMimeType - <https://ei.phncdn.com/videos/201910/03/252558972/original/(m=qOZ2U5Ubeaf8GgaaaWavb)(mh=M5X3aHZvwG5yuBbI)0.jpg> -> image/jpeg
2026-03-13 23:16:51.261 T:47053   debug <general>: CurlFile::Open - <https://ei.phncdn.com/videos/201910/03/252558972/original/(m=qOZ2U5Ubeaf8GgaaaWavb)(mh=M5X3aHZvwG5yuBbI)0.jpg>
2026-03-13 23:16:51.263 T:46997   debug <general>: ProcessMouse: trying mouse action wheelup
2026-03-13 23:16:51.304 T:47052   debug <general>: Skipped 3 duplicate messages..
2026-03-13 23:16:51.304 T:47052   debug <general>: Caching image 'https://ei.phncdn.com/videos/202409/21/458053461/original/(m=eaf8GgaaaWavb)(mh=dio6rrkksQ3ZmV44)13.jpg' to '9/978e9008.jpg':
2026-03-13 23:16:51.304 T:47052   debug <general>: cached image 'special://masterprofile/Thumbnails/9/978e9008.jpg' size 320x240
2026-03-13 23:16:51.448 T:47052   debug <general>: CCurlFile::GetMimeType - <https://thumb.live.mmcdn.com/ri/harleyysummers.jpg> -> image/jpeg
2026-03-13 23:16:51.448 T:47052   debug <general>: CurlFile::Open - <https://thumb.live.mmcdn.com/ri/harleyysummers.jpg>
2026-03-13 23:16:51.470 T:47095   debug <general>: CCurlFile::GetMimeType - <https://thumb-v6.xhcdn.com/a/yEDTEv6jltG8LQNM5RGfZQ/015/450/366/320x240.2.jpg> -> image/jpeg
2026-03-13 23:16:51.470 T:47095   debug <general>: CurlFile::Open - <https://thumb-v6.xhcdn.com/a/yEDTEv6jltG8LQNM5RGfZQ/015/450/366/320x240.2.jpg>
2026-03-13 23:16:51.530 T:47052   debug <general>: Caching image 'https://thumb.live.mmcdn.com/ri/harleyysummers.jpg' to '2/2952f1f0.jpg':
2026-03-13 23:16:51.530 T:47052   debug <general>: cached image 'special://masterprofile/Thumbnails/2/2952f1f0.jpg' size 360x270
2026-03-13 23:16:51.642 T:47095   debug <general>: Caching image 'https://thumb-v6.xhcdn.com/a/yEDTEv6jltG8LQNM5RGfZQ/015/450/366/320x240.2.jpg' to '9/97eb77d2.jpg':
2026-03-13 23:16:51.642 T:47095   debug <general>: cached image 'special://masterprofile/Thumbnails/9/97eb77d2.jpg' size 320x240
2026-03-13 23:16:51.791 T:47053   debug <general>: Caching image 'https://ei.phncdn.com/videos/201910/03/252558972/original/(m=qOZ2U5Ubeaf8GgaaaWavb)(mh=M5X3aHZvwG5yuBbI)0.jpg' to '7/724bda0d.jpg':
2026-03-13 23:16:51.791 T:47053   debug <general>: cached image 'special://masterprofile/Thumbnails/7/724bda0d.jpg' size 320x240
2026-03-13 23:16:51.875 T:46997   debug <general>: ProcessMouse: trying mouse action wheeldown
2026-03-13 23:16:51.886 T:47053   debug <general>: Skipped 1 duplicate messages..
2026-03-13 23:16:51.886 T:47053   debug <general>: easy_acquire - Created session to https://thumb.live.mmcdn.com
2026-03-13 23:16:51.931 T:46997   debug <general>: ProcessMouse: trying mouse action wheeldown
2026-03-13 23:16:51.942 T:47095   debug <general>: Skipped 1 duplicate messages..
2026-03-13 23:16:51.942 T:47095   debug <general>: easy_acquire - Created session to https://thumb.live.mmcdn.com
2026-03-13 23:16:51.963 T:46997   debug <general>: ProcessMouse: trying mouse action wheeldown
2026-03-13 23:16:52.004 T:47052   debug <general>: Skipped 2 duplicate messages..
2026-03-13 23:16:52.004 T:47052   debug <general>: CCurlFile::GetMimeType - <https://thumb.live.mmcdn.com/ri/petites_perles.jpg> -> image/jpeg
2026-03-13 23:16:52.004 T:47052   debug <general>: CurlFile::Open - <https://thumb.live.mmcdn.com/ri/petites_perles.jpg>
2026-03-13 23:16:52.008 T:46997   debug <general>: ProcessMouse: trying mouse action wheeldown
2026-03-13 23:16:52.011 T:47051   error <general>: CCurlFile::Open - <https://gcore-pic.xvideos-cdn.com/videos/thumbs169ll/c9/6c/02/c96c02023d409dd21717899365464b7b-1/c96c02023d409dd21717899365464b7b.4.jpg> Failed with code 404:
                                                   
2026-03-13 23:16:52.011 T:47051   debug <general>: easy_acquire - Created session to https://thumb.live.mmcdn.com
2026-03-13 23:16:52.013 T:47053   debug <general>: CCurlFile::GetMimeType - <https://thumb.live.mmcdn.com/ri/angelllsworlddd.jpg> -> image/jpeg
2026-03-13 23:16:52.013 T:47053   debug <general>: CurlFile::Open - <https://thumb.live.mmcdn.com/ri/angelllsworlddd.jpg>
2026-03-13 23:16:52.030 T:46997   debug <general>: ProcessMouse: trying mouse action wheeldown
2026-03-13 23:16:52.076 T:47095   debug <general>: CCurlFile::GetMimeType - <https://thumb.live.mmcdn.com/ri/milablum.jpg> -> image/jpeg
2026-03-13 23:16:52.077 T:47095   debug <general>: CurlFile::Open - <https://thumb.live.mmcdn.com/ri/milablum.jpg>
2026-03-13 23:16:52.090 T:47052   debug <general>: Caching image 'https://thumb.live.mmcdn.com/ri/petites_perles.jpg' to '0/0a333149.jpg':
2026-03-13 23:16:52.091 T:47052   debug <general>: cached image 'special://masterprofile/Thumbnails/0/0a333149.jpg' size 360x270
2026-03-13 23:16:52.144 T:47053   debug <general>: Caching image 'https://thumb.live.mmcdn.com/ri/angelllsworlddd.jpg' to 'd/dfb9ff48.jpg':
2026-03-13 23:16:52.144 T:47053   debug <general>: cached image 'special://masterprofile/Thumbnails/d/dfb9ff48.jpg' size 360x270
2026-03-13 23:16:52.154 T:47051   debug <general>: CCurlFile::GetMimeType - <https://thumb.live.mmcdn.com/ri/kitayamachu.jpg> -> image/jpeg
2026-03-13 23:16:52.154 T:47051   debug <general>: CurlFile::Open - <https://thumb.live.mmcdn.com/ri/kitayamachu.jpg>
2026-03-13 23:16:52.207 T:47051   debug <general>: Caching image 'https://thumb.live.mmcdn.com/ri/kitayamachu.jpg' to 'c/c9afe7f5.jpg':
2026-03-13 23:16:52.207 T:47051   debug <general>: cached image 'special://masterprofile/Thumbnails/c/c9afe7f5.jpg' size 360x270
2026-03-13 23:16:52.233 T:47052   debug <general>: CCurlFile::GetMimeType - <https://thumb.live.mmcdn.com/ri/yourcutekote.jpg> -> image/jpeg
2026-03-13 23:16:52.233 T:47052   debug <general>: CurlFile::Open - <https://thumb.live.mmcdn.com/ri/yourcutekote.jpg>
2026-03-13 23:16:52.285 T:47052   debug <general>: Caching image 'https://thumb.live.mmcdn.com/ri/yourcutekote.jpg' to '9/9e003083.jpg':
2026-03-13 23:16:52.285 T:47052   debug <general>: cached image 'special://masterprofile/Thumbnails/9/9e003083.jpg' size 360x270
2026-03-13 23:16:52.291 T:47095   debug <general>: Caching image 'https://thumb.live.mmcdn.com/ri/milablum.jpg' to '7/7afa72fc.jpg':
2026-03-13 23:16:52.291 T:47095   debug <general>: cached image 'special://masterprofile/Thumbnails/7/7afa72fc.jpg' size 360x270
2026-03-13 23:16:52.431 T:46997   debug <general>: ProcessMouse: trying mouse action wheeldown
2026-03-13 23:16:52.561 T:47053   debug <general>: CCurlFile::GetMimeType - <https://thumb.live.mmcdn.com/ri/tunderose.jpg> -> image/jpeg
2026-03-13 23:16:52.561 T:47053   debug <general>: CurlFile::Open - <https://thumb.live.mmcdn.com/ri/tunderose.jpg>
2026-03-13 23:16:52.648 T:47053   debug <general>: Caching image 'https://thumb.live.mmcdn.com/ri/tunderose.jpg' to 'e/ea18089a.jpg':
2026-03-13 23:16:52.648 T:47053   debug <general>: cached image 'special://masterprofile/Thumbnails/e/ea18089a.jpg' size 360x270
2026-03-13 23:16:52.850 T:47053   debug <general>: CCurlFile::GetMimeType - <https://thumb.live.mmcdn.com/ri/marry_cordy.jpg> -> image/jpeg
2026-03-13 23:16:52.850 T:47053   debug <general>: CurlFile::Open - <https://thumb.live.mmcdn.com/ri/marry_cordy.jpg>
2026-03-13 23:16:52.907 T:47053   debug <general>: Caching image 'https://thumb.live.mmcdn.com/ri/marry_cordy.jpg' to '8/822b28be.jpg':
2026-03-13 23:16:52.907 T:47053   debug <general>: cached image 'special://masterprofile/Thumbnails/8/822b28be.jpg' size 360x270
2026-03-13 23:16:52.945 T:47051   debug <general>: CCurlFile::GetMimeType - <https://thumb.live.mmcdn.com/ri/clara_chan.jpg> -> image/jpeg
2026-03-13 23:16:52.946 T:47051   debug <general>: CurlFile::Open - <https://thumb.live.mmcdn.com/ri/clara_chan.jpg>
2026-03-13 23:16:52.992 T:47051   debug <general>: Caching image 'https://thumb.live.mmcdn.com/ri/clara_chan.jpg' to 'e/e4f9ea25.jpg':
2026-03-13 23:16:52.992 T:47051   debug <general>: cached image 'special://masterprofile/Thumbnails/e/e4f9ea25.jpg' size 360x270
2026-03-13 23:16:53.964 T:47051   debug <general>: CCurlFile::GetMimeType - <https://thumb.live.mmcdn.com/ri/shinyways.jpg> -> image/jpeg
2026-03-13 23:16:53.964 T:47051   debug <general>: CurlFile::Open - <https://thumb.live.mmcdn.com/ri/shinyways.jpg>
2026-03-13 23:16:54.053 T:47051   debug <general>: Caching image 'https://thumb.live.mmcdn.com/ri/shinyways.jpg' to 'b/bf3152b6.jpg':
2026-03-13 23:16:54.053 T:47051   debug <general>: cached image 'special://masterprofile/Thumbnails/b/bf3152b6.jpg' size 360x270
2026-03-13 23:16:54.257 T:46997   debug <general>: ProcessMouse: trying mouse action wheelup
2026-03-13 23:16:54.918 T:47051   debug <general>: Skipped 22 duplicate messages..
2026-03-13 23:16:54.918 T:47051   debug <general>: CCurlFile::GetMimeType - <https://ei.phncdn.com/videos/202006/24/326670872/original/(m=eaf8GgaaaWavb)(mh=F2bnY02wwDmlsofe)14.jpg> -> image/jpeg
2026-03-13 23:16:54.918 T:47051   debug <general>: CurlFile::Open - <https://ei.phncdn.com/videos/202006/24/326670872/original/(m=eaf8GgaaaWavb)(mh=F2bnY02wwDmlsofe)14.jpg>
2026-03-13 23:16:54.932 T:47053   debug <general>: CCurlFile::GetMimeType - <https://thumb-cdn77.others-cdn.com/5ca08aae-6f76-4362-b276-17a3666b7896/0/xv_23_t.jpg> -> image/jpeg
2026-03-13 23:16:54.932 T:47053   debug <general>: CurlFile::Open - <https://thumb-cdn77.others-cdn.com/5ca08aae-6f76-4362-b276-17a3666b7896/0/xv_23_t.jpg>
2026-03-13 23:16:54.937 T:47095   debug <general>: CCurlFile::GetMimeType - <https://ic-vt-nss.xhcdn.com/b/MmFiZWZmMDY0MTljN2ZhMmMyY2EwMmNiNzA3ZjcxOTY/s(w:320,h:240),jpeg/006/594/204/2000x2000.7.jpg> -> image/jpeg
2026-03-13 23:16:54.937 T:47095   debug <general>: CurlFile::Open - <https://ic-vt-nss.xhcdn.com/b/MmFiZWZmMDY0MTljN2ZhMmMyY2EwMmNiNzA3ZjcxOTY/s(w:320,h:240),jpeg/006/594/204/2000x2000.7.jpg>
2026-03-13 23:16:55.119 T:47051   debug <general>: Caching image 'https://ei.phncdn.com/videos/202006/24/326670872/original/(m=eaf8GgaaaWavb)(mh=F2bnY02wwDmlsofe)14.jpg' to '3/38101a18.jpg':
2026-03-13 23:16:55.119 T:47051   debug <general>: cached image 'special://masterprofile/Thumbnails/3/38101a18.jpg' size 320x240
2026-03-13 23:16:55.180 T:46997   debug <general>: ProcessMouse: trying mouse action wheeldown
2026-03-13 23:16:55.190 T:47095   debug <general>: Caching image 'https://ic-vt-nss.xhcdn.com/b/MmFiZWZmMDY0MTljN2ZhMmMyY2EwMmNiNzA3ZjcxOTY/s(w:320,h:240),jpeg/006/594/204/2000x2000.7.jpg' to '8/842038c1.jpg':
2026-03-13 23:16:55.190 T:47095   debug <general>: cached image 'special://masterprofile/Thumbnails/8/842038c1.jpg' size 320x240
2026-03-13 23:16:55.192 T:47053   debug <general>: Caching image 'https://thumb-cdn77.others-cdn.com/5ca08aae-6f76-4362-b276-17a3666b7896/0/xv_23_t.jpg' to '3/3ec8e1fd.jpg':
2026-03-13 23:16:55.192 T:47053   debug <general>: cached image 'special://masterprofile/Thumbnails/3/3ec8e1fd.jpg' size 600x337
2026-03-13 23:16:55.202 T:46997   debug <general>: ProcessMouse: trying mouse action wheeldown
2026-03-13 23:16:55.555 T:47052   debug <general>: Skipped 25 duplicate messages..
2026-03-13 23:16:55.555 T:47052   debug <general>: CCurlFile::GetMimeType - <https://thumb.live.mmcdn.com/ri/emiilycampbell.jpg> -> image/jpeg
2026-03-13 23:16:55.555 T:47052   debug <general>: CurlFile::Open - <https://thumb.live.mmcdn.com/ri/emiilycampbell.jpg>
2026-03-13 23:16:55.618 T:47052   debug <general>: Caching image 'https://thumb.live.mmcdn.com/ri/emiilycampbell.jpg' to 'a/aecd057b.jpg':
2026-03-13 23:16:55.619 T:47052   debug <general>: cached image 'special://masterprofile/Thumbnails/a/aecd057b.jpg' size 360x270
2026-03-13 23:16:55.702 T:46997   debug <general>: ProcessMouse: trying mouse action wheelup
2026-03-13 23:16:55.785 T:47051   debug <general>: Skipped 10 duplicate messages..
2026-03-13 23:16:55.785 T:47051   debug <general>: CCurlFile::GetMimeType - <https://ei.phncdn.com/videos/202401/18/446722001/original/(m=eaf8GgaaaWavb)(mh=bucsGM9e0rjKiRuj)15.jpg> -> image/jpeg
2026-03-13 23:16:55.785 T:47051   debug <general>: CurlFile::Open - <https://ei.phncdn.com/videos/202401/18/446722001/original/(m=eaf8GgaaaWavb)(mh=bucsGM9e0rjKiRuj)15.jpg>
2026-03-13 23:16:55.792 T:46997   debug <general>: ProcessMouse: trying mouse action wheelup
2026-03-13 23:16:55.990 T:47051   debug <general>: Skipped 11 duplicate messages..
2026-03-13 23:16:55.990 T:47051   debug <general>: Caching image 'https://ei.phncdn.com/videos/202401/18/446722001/original/(m=eaf8GgaaaWavb)(mh=bucsGM9e0rjKiRuj)15.jpg' to '3/3f498e17.jpg':
2026-03-13 23:16:55.990 T:47051   debug <general>: cached image 'special://masterprofile/Thumbnails/3/3f498e17.jpg' size 320x240
2026-03-13 23:16:56.035 T:47095   debug <general>: CCurlFile::GetMimeType - <https://ei.phncdn.com/videos/201911/05/259430342/original/(m=q080H8Ubeaf8GgaaaWavb)(mh=zE9XyctdoW4LXSuy)0.jpg> -> image/jpeg
2026-03-13 23:16:56.035 T:47095   debug <general>: CurlFile::Open - <https://ei.phncdn.com/videos/201911/05/259430342/original/(m=q080H8Ubeaf8GgaaaWavb)(mh=zE9XyctdoW4LXSuy)0.jpg>
2026-03-13 23:16:56.235 T:47095   debug <general>: Caching image 'https://ei.phncdn.com/videos/201911/05/259430342/original/(m=q080H8Ubeaf8GgaaaWavb)(mh=zE9XyctdoW4LXSuy)0.jpg' to 'd/d835b986.jpg':
2026-03-13 23:16:56.235 T:47095   debug <general>: cached image 'special://masterprofile/Thumbnails/d/d835b986.jpg' size 320x240
2026-03-13 23:16:56.488 T:46997   debug <general>: ProcessMouse: trying mouse action wheeldown
2026-03-13 23:16:56.515 T:47037   debug <general>: Skipped 4 duplicate messages..
2026-03-13 23:16:56.515 T:47037   debug <general>: Presentation: Frame was discarded by compositor
2026-03-13 23:16:56.536 T:46997   debug <general>: ProcessMouse: trying mouse action wheeldown
2026-03-13 23:16:59.348 T:47010   debug <general>: Skipped 2 duplicate messages..
2026-03-13 23:16:59.348 T:47010   debug <general>: CPipewireStream::Drained
2026-03-13 23:16:59.349 T:47010   debug <general>: CPipewireStream::StateChanged - stream state changed streaming -> paused
2026-03-13 23:16:59.349 T:47010   debug <general>: CPipewireNode::Info - node 51 changed
2026-03-13 23:17:05.862 T:46997   debug <general>: Skipped 3 duplicate messages..
2026-03-13 23:17:05.862 T:46997   debug <general>: ProcessMouse: trying mouse action leftclick
2026-03-13 23:17:05.862 T:46997   debug <general>: CScriptRunner: running add-on script Cumination('plugin://plugin.video.cumination/', '-1', '?url=https%3A%2F%2Fpornkai.com%2Fcam%3Fmodel%3Dkitayamachu%26click_index%3D8&mode=pornkai.Playvid&name=kitayamachu+-+fingering+in+doggy+%5B569+tokens+left%5D+%23asian+%2318+%23lovense+%23squirt+%23teen')
2026-03-13 23:17:05.863 T:47354   debug <general>: Thread LanguageInvoker start, auto delete: false
2026-03-13 23:17:05.863 T:47354   debug <general>: initializing python engine.
2026-03-13 23:17:05.863 T:47354   debug <general>: CPythonInvoker(14, /home/rpeters1428/.kodi/addons/plugin.video.cumination/default.py): start processing
2026-03-13 23:17:05.873 T:47354   debug <general>: -->Python Interpreter Initialized<--
2026-03-13 23:17:05.873 T:47354   debug <general>: 
                                                   
2026-03-13 23:17:05.873 T:47354   debug <general>: CPythonInvoker(14, /home/rpeters1428/.kodi/addons/plugin.video.cumination/default.py): the source file to load is "/home/rpeters1428/.kodi/addons/plugin.video.cumination/default.py"
2026-03-13 23:17:05.873 T:47354   debug <general>: CPythonInvoker(14): full python path:
2026-03-13 23:17:05.873 T:47354   debug <general>: CPythonInvoker(14):   custom python path:
2026-03-13 23:17:05.873 T:47354   debug <general>: CPythonInvoker(14):     /home/rpeters1428/.kodi/addons/plugin.video.cumination
2026-03-13 23:17:05.873 T:47354   debug <general>: CPythonInvoker(14):     /home/rpeters1428/.kodi/addons/script.common.plugin.cache/resources/lib/storage_server/
2026-03-13 23:17:05.873 T:47354   debug <general>: CPythonInvoker(14):     /home/rpeters1428/.kodi/addons/script.module.beautifulsoup4/lib
2026-03-13 23:17:05.873 T:47354   debug <general>: CPythonInvoker(14):     /home/rpeters1428/.kodi/addons/script.module.certifi/lib
2026-03-13 23:17:05.873 T:47354   debug <general>: CPythonInvoker(14):     /home/rpeters1428/.kodi/addons/script.module.chardet/lib
2026-03-13 23:17:05.873 T:47354   debug <general>: CPythonInvoker(14):     /home/rpeters1428/.kodi/addons/script.module.idna/lib
2026-03-13 23:17:05.873 T:47354   debug <general>: CPythonInvoker(14):     /home/rpeters1428/.kodi/addons/script.module.inputstreamhelper/lib
2026-03-13 23:17:05.873 T:47354   debug <general>: CPythonInvoker(14):     /home/rpeters1428/.kodi/addons/script.module.kodi-six/libs
2026-03-13 23:17:05.873 T:47354   debug <general>: CPythonInvoker(14):     /home/rpeters1428/.kodi/addons/script.module.requests/lib
2026-03-13 23:17:05.873 T:47354   debug <general>: CPythonInvoker(14):     /home/rpeters1428/.kodi/addons/script.module.resolveurl.xxx/lib
2026-03-13 23:17:05.873 T:47354   debug <general>: CPythonInvoker(14):     /home/rpeters1428/.kodi/addons/script.module.resolveurl/lib
2026-03-13 23:17:05.873 T:47354   debug <general>: CPythonInvoker(14):     /home/rpeters1428/.kodi/addons/script.module.six/lib
2026-03-13 23:17:05.873 T:47354   debug <general>: CPythonInvoker(14):     /home/rpeters1428/.kodi/addons/script.module.soupsieve/lib
2026-03-13 23:17:05.873 T:47354   debug <general>: CPythonInvoker(14):     /home/rpeters1428/.kodi/addons/script.module.urllib3/lib
2026-03-13 23:17:05.873 T:47354   debug <general>: CPythonInvoker(14):     /home/rpeters1428/.kodi/addons/script.module.websocket/lib
2026-03-13 23:17:05.873 T:47354   debug <general>: CPythonInvoker(14):   default python path:
2026-03-13 23:17:05.873 T:47354   debug <general>: CPythonInvoker(14):     /usr/lib/python314.zip
2026-03-13 23:17:05.873 T:47354   debug <general>: CPythonInvoker(14):     /usr/lib/python3.14
2026-03-13 23:17:05.873 T:47354   debug <general>: CPythonInvoker(14):     /usr/lib/python3.14/lib-dynload
2026-03-13 23:17:05.873 T:47354   debug <general>: CPythonInvoker(14):     /usr/lib/python3.14/site-packages
2026-03-13 23:17:05.873 T:47354   debug <general>: CPythonInvoker(14): adding args:
2026-03-13 23:17:05.873 T:47354   debug <general>: CPythonInvoker(14):  plugin://plugin.video.cumination/
2026-03-13 23:17:05.873 T:47354   debug <general>: CPythonInvoker(14):  -1
2026-03-13 23:17:05.873 T:47354   debug <general>: CPythonInvoker(14):  ?url=https%3A%2F%2Fpornkai.com%2Fcam%3Fmodel%3Dkitayamachu%26click_index%3D8&mode=pornkai.Playvid&name=kitayamachu+-+fingering+in+doggy+%5B569+tokens+left%5D+%23asian+%2318+%23lovense+%23squirt+%23teen
2026-03-13 23:17:05.873 T:47354   debug <general>: CPythonInvoker(14):  resume:false
2026-03-13 23:17:05.873 T:47354   debug <general>: CPythonInvoker(14, /home/rpeters1428/.kodi/addons/plugin.video.cumination/default.py): entering source directory /home/rpeters1428/.kodi/addons/plugin.video.cumination
2026-03-13 23:17:05.873 T:47354   debug <general>: CPythonInvoker(14, /home/rpeters1428/.kodi/addons/plugin.video.cumination/default.py): instantiating addon using automatically obtained id of "plugin.video.cumination" dependent on version 3.0.0 of the xbmc.python api
2026-03-13 23:17:05.912 T:47354   debug <CAddonSettings[0@plugin.video.cumination]>: trying to load setting definitions from old format...
2026-03-13 23:17:05.912 T:47354   debug <CSettingsManager>: requested setting (changelog_seen_version) was not found.
2026-03-13 23:17:05.912 T:47354   debug <CSettingsManager>: requested setting (cuminationage) was not found.
2026-03-13 23:17:05.912 T:47354   debug <CSettingsManager>: requested setting (current_ua) was not found.
2026-03-13 23:17:05.912 T:47354   debug <CSettingsManager>: requested setting (last_ua_create) was not found.
2026-03-13 23:17:06.091 T:47354   debug <CSettingsManager>: requested setting (tahlogged) was not found.
2026-03-13 23:17:06.094 T:47354   debug <CSettingsManager>: requested setting (xflogged) was not found.
2026-03-13 23:17:06.101 T:47354   debug <CSettingsManager>: requested setting (htvlogged) was not found.
2026-03-13 23:17:06.106 T:47354   debug <CSettingsManager>: requested setting (jblogged) was not found.
2026-03-13 23:17:06.111 T:47354   debug <CSettingsManager>: requested setting (spankbang_quality) was not found.
2026-03-13 23:17:06.111 T:47354   debug <CSettingsManager>: requested setting (spankbang_length) was not found.
2026-03-13 23:17:06.115 T:47354   debug <CSettingsManager>: requested setting (ptlogged) was not found.
2026-03-13 23:17:06.115 T:47354   debug <CSettingsManager>: requested setting (ptlength) was not found.
2026-03-13 23:17:06.116 T:47354   debug <CSettingsManager>: requested setting (cblogged) was not found.
2026-03-13 23:17:06.124 T:47354   debug <CSettingsManager>: requested setting (whlogged) was not found.
2026-03-13 23:17:06.126 T:47354   debug <CSettingsManager>: requested setting (pincode) was not found.
2026-03-13 23:17:06.126 T:47354   debug <CSettingsManager>: requested setting (logintime) was not found.
2026-03-13 23:17:06.127 T:47354   debug <general>: DialogProgress::Open called 
2026-03-13 23:17:06.129 T:46997   debug <general>: ------ Window Init (DialogConfirm.xml) ------
2026-03-13 23:17:06.135 T:47354   debug <CAddonSettings[0@script.module.resolveurl]>: trying to load setting definitions from old format...
2026-03-13 23:17:06.221 T:47354   debug <general>: Skipped 1 duplicate messages..
2026-03-13 23:17:06.221 T:47354   debug <general>: ResolveURL: Initializing ResolveURL version: 5.1.195
