2026-03-14 15:24:58.332 T:44746   debug <general>: ADDONS: unpinned Addon: [plugin.video.cumination] Origin: [repository.dobbelina] Version: [1.1.321]
2026-03-14 15:24:58.332 T:44754   debug <general>: Thread Timer 140667921606336 terminating
2026-03-14 15:24:58.332 T:44863   debug <general>: Thread BackgroundLoader start, auto delete: false
2026-03-14 15:24:58.332 T:44746   debug <general>: CRepositoryUpdater: closest next update check at 03/14/2026 4:21:46 PM (in 3408s)
2026-03-14 15:24:58.332 T:44746   debug <general>: CRepositoryUpdater: checking in 3600000ms
2026-03-14 15:24:58.332 T:44698   debug <general>: [threads] name: 'BackgroundLoader' priority: '1'
2026-03-14 15:24:58.332 T:44864   debug <general>: Thread Timer start, auto delete: false
2026-03-14 15:24:58.333 T:44863   debug <general>: Thread BackgroundLoader 140667141486272 terminating
2026-03-14 15:24:58.338 T:44698   debug <general>: CGUIMediaWindow::GetDirectory (addons://repository.dobbelina/xbmc.addon.video)
2026-03-14 15:24:58.338 T:44698   debug <general>:   ParentPath = [addons://repository.dobbelina/xbmc.addon.video]
2026-03-14 15:24:58.338 T:44865   debug <general>: Thread waiting start, auto delete: false
2026-03-14 15:24:58.339 T:44865   debug <general>: CAddonDatabase: SELECT repo.id FROM repo .. took 0 ms
2026-03-14 15:24:58.339 T:44865   debug <general>: CAddonDatabase: query  SELECT addons.*, repo.addonID AS repoID FROM addons JOIN addonlinkrepo ON addons.id=addonlinkrepo.idAddon JOIN repo ON repo.id=addonlinkrepo.idRepo WHERE addonlinkrepo.idRepo IN (2) ORDER BY repo.addonID, addons.addonID returned 7 rows in 0 ms
2026-03-14 15:24:58.340 T:44865   debug <general>: CAddonDatabase::GetAddons took 0 ms
2026-03-14 15:24:58.340 T:44865   debug <general>: CAddonDatabase: SELECT repo.id FROM repo .. took 0 ms
2026-03-14 15:24:58.349 T:44865   debug <general>: CAddonDatabase: query  SELECT addons.*, repo.addonID AS repoID FROM addons JOIN addonlinkrepo ON addons.id=addonlinkrepo.idAddon JOIN repo ON repo.id=addonlinkrepo.idRepo WHERE addonlinkrepo.idRepo IN (1,2) ORDER BY repo.addonID, addons.addonID returned 792 rows in 8 ms
2026-03-14 15:24:58.374 T:44865   debug <general>: CAddonDatabase::GetAddons took 33 ms
2026-03-14 15:24:58.376 T:44865   debug <general>: CAddonMgr::GetAddonsWithAvailableUpdate took 36 ms
2026-03-14 15:24:58.378 T:44865   debug <general>: Thread waiting 140667115267776 terminating
2026-03-14 15:24:58.380 T:44866   debug <general>: Thread BackgroundLoader start, auto delete: false
2026-03-14 15:24:58.380 T:44698   debug <general>: [threads] name: 'BackgroundLoader' priority: '1'
2026-03-14 15:24:58.381 T:44866   debug <general>: Thread BackgroundLoader 140667141486272 terminating
2026-03-14 15:24:58.381 T:44698   debug <general>: CGUIMediaWindow::GetDirectory (addons://repository.dobbelina/xbmc.addon.video)
2026-03-14 15:24:58.381 T:44698   debug <general>:   ParentPath = [addons://repository.dobbelina/xbmc.addon.video]
2026-03-14 15:24:58.381 T:44867   debug <general>: Thread waiting start, auto delete: false
2026-03-14 15:24:58.382 T:44867   debug <general>: CAddonDatabase: SELECT repo.id FROM repo .. took 0 ms
2026-03-14 15:24:58.382 T:44867   debug <general>: CAddonDatabase: query  SELECT addons.*, repo.addonID AS repoID FROM addons JOIN addonlinkrepo ON addons.id=addonlinkrepo.idAddon JOIN repo ON repo.id=addonlinkrepo.idRepo WHERE addonlinkrepo.idRepo IN (2) ORDER BY repo.addonID, addons.addonID returned 7 rows in 0 ms
2026-03-14 15:24:58.382 T:44867   debug <general>: CAddonDatabase::GetAddons took 0 ms
2026-03-14 15:24:58.383 T:44867   debug <general>: CAddonDatabase: SELECT repo.id FROM repo .. took 0 ms
2026-03-14 15:24:58.385 T:44867   debug <general>: CAddonDatabase: query  SELECT addons.*, repo.addonID AS repoID FROM addons JOIN addonlinkrepo ON addons.id=addonlinkrepo.idAddon JOIN repo ON repo.id=addonlinkrepo.idRepo WHERE addonlinkrepo.idRepo IN (1,2) ORDER BY repo.addonID, addons.addonID returned 792 rows in 2 ms
2026-03-14 15:24:58.406 T:44867   debug <general>: CAddonDatabase::GetAddons took 23 ms
2026-03-14 15:24:58.408 T:44867   debug <general>: CAddonMgr::GetAddonsWithAvailableUpdate took 25 ms
2026-03-14 15:24:58.410 T:44867   debug <general>: Thread waiting 140667141486272 terminating
2026-03-14 15:24:58.411 T:44868   debug <general>: Thread BackgroundLoader start, auto delete: false
2026-03-14 15:24:58.411 T:44698   debug <general>: [threads] name: 'BackgroundLoader' priority: '1'
2026-03-14 15:24:58.412 T:44868   debug <general>: Thread BackgroundLoader 140667141486272 terminating
2026-03-14 15:24:58.951 T:44738   debug <general>: Presentation: Frame was discarded by compositor
2026-03-14 15:24:59.239 T:44745   debug <general>: CCurlFile::GetMimeType - <https://rpeters1430.github.io/repository.dobbelina/plugin.video.uwc/fanart.jpg> -> image/jpeg
2026-03-14 15:24:59.240 T:44745   debug <general>: CurlFile::Open - <https://rpeters1430.github.io/repository.dobbelina/plugin.video.uwc/fanart.jpg>
2026-03-14 15:24:59.283 T:44745   debug <general>: Caching image 'https://rpeters1430.github.io/repository.dobbelina/plugin.video.uwc/fanart.jpg' to '1/19499a35.png':
2026-03-14 15:24:59.284 T:44745   debug <general>: cached image 'special://masterprofile/Thumbnails/1/19499a35.png' size 1280x720
2026-03-14 15:24:59.979 T:44698   debug <general>: ProcessMouse: trying mouse action leftclick
2026-03-14 15:24:59.979 T:44698   debug <general>: SetItem - Addon with id plugin.video.cumination not found locally.
2026-03-14 15:24:59.979 T:44698   debug <general>: ------ Window Init (DialogAddonInfo.xml) ------
2026-03-14 15:24:59.979 T:44698    info <general>: Loading skin file: DialogAddonInfo.xml, load type: KEEP_IN_MEMORY
2026-03-14 15:25:00.017 T:44698   debug <CAddonSettings[0@plugin.video.cumination]>: trying to load setting definitions from old format...
2026-03-14 15:25:00.018 T:44698   debug <CSettingsManager>: requested setting (changelog_seen_version) was not found.
2026-03-14 15:25:00.018 T:44698   debug <CSettingsManager>: requested setting (cuminationage) was not found.
2026-03-14 15:25:00.018 T:44698   debug <CSettingsManager>: requested setting (current_ua) was not found.
2026-03-14 15:25:00.018 T:44698   debug <CSettingsManager>: requested setting (last_ua_create) was not found.
2026-03-14 15:25:01.748 T:44698   debug <general>: ProcessMouse: trying mouse action leftclick
2026-03-14 15:25:01.748 T:44698   debug <general>: Activating window ID: 10025
2026-03-14 15:25:02.059 T:44698   debug <general>: ------ Window Deinit (AddonBrowser.xml) ------
2026-03-14 15:25:02.059 T:44698   debug <general>: FreeVisualisation() done
2026-03-14 15:25:02.059 T:44698   debug <general>: ------ Window Deinit (DialogAddonInfo.xml) ------
2026-03-14 15:25:02.071 T:44698   debug <general>: ------ Window Init (MyVideoNav.xml) ------
2026-03-14 15:25:02.071 T:44698    info <general>: Loading skin file: MyVideoNav.xml, load type: KEEP_IN_MEMORY
2026-03-14 15:25:02.113 T:44698   debug <general>: CGUIMediaWindow::GetDirectory (plugin://plugin.video.cumination/)
2026-03-14 15:25:02.113 T:44698   debug <general>:   ParentPath = [plugin://plugin.video.cumination/]
2026-03-14 15:25:02.113 T:44871   debug <general>: Thread waiting start, auto delete: false
2026-03-14 15:25:02.120 T:44744   debug <general>: CAddonDatabase::SetLastUsed[plugin.video.cumination] took 7 ms
2026-03-14 15:25:02.120 T:44871   debug <general>: CScriptRunner: running add-on script Cumination('plugin://plugin.video.cumination/', '1', '')
2026-03-14 15:25:02.121 T:44872   debug <general>: Thread LanguageInvoker start, auto delete: false
2026-03-14 15:25:02.121 T:44872   debug <general>: initializing python engine.
2026-03-14 15:25:02.121 T:44872   debug <general>: CPythonInvoker(2, /home/rpeters1428/.kodi/addons/plugin.video.cumination/default.py): start processing
2026-03-14 15:25:02.136 T:44872   debug <general>: -->Python Interpreter Initialized<--
2026-03-14 15:25:02.136 T:44872   debug <general>: 
                                                   
2026-03-14 15:25:02.136 T:44872   debug <general>: CPythonInvoker(2, /home/rpeters1428/.kodi/addons/plugin.video.cumination/default.py): the source file to load is "/home/rpeters1428/.kodi/addons/plugin.video.cumination/default.py"
2026-03-14 15:25:02.136 T:44872   debug <general>: CPythonInvoker(2): full python path:
2026-03-14 15:25:02.136 T:44872   debug <general>: CPythonInvoker(2):   custom python path:
2026-03-14 15:25:02.136 T:44872   debug <general>: CPythonInvoker(2):     /home/rpeters1428/.kodi/addons/plugin.video.cumination
2026-03-14 15:25:02.136 T:44872   debug <general>: CPythonInvoker(2):     /home/rpeters1428/.kodi/addons/script.common.plugin.cache/resources/lib/storage_server/
2026-03-14 15:25:02.136 T:44872   debug <general>: CPythonInvoker(2):     /home/rpeters1428/.kodi/addons/script.module.beautifulsoup4/lib
2026-03-14 15:25:02.136 T:44872   debug <general>: CPythonInvoker(2):     /home/rpeters1428/.kodi/addons/script.module.certifi/lib
2026-03-14 15:25:02.136 T:44872   debug <general>: CPythonInvoker(2):     /home/rpeters1428/.kodi/addons/script.module.chardet/lib
2026-03-14 15:25:02.136 T:44872   debug <general>: CPythonInvoker(2):     /home/rpeters1428/.kodi/addons/script.module.idna/lib
2026-03-14 15:25:02.136 T:44872   debug <general>: CPythonInvoker(2):     /home/rpeters1428/.kodi/addons/script.module.inputstreamhelper/lib
2026-03-14 15:25:02.136 T:44872   debug <general>: CPythonInvoker(2):     /home/rpeters1428/.kodi/addons/script.module.kodi-six/libs
2026-03-14 15:25:02.136 T:44872   debug <general>: CPythonInvoker(2):     /home/rpeters1428/.kodi/addons/script.module.requests/lib
2026-03-14 15:25:02.136 T:44872   debug <general>: CPythonInvoker(2):     /home/rpeters1428/.kodi/addons/script.module.resolveurl.xxx/lib
2026-03-14 15:25:02.136 T:44872   debug <general>: CPythonInvoker(2):     /home/rpeters1428/.kodi/addons/script.module.resolveurl/lib
2026-03-14 15:25:02.136 T:44872   debug <general>: CPythonInvoker(2):     /home/rpeters1428/.kodi/addons/script.module.six/lib
2026-03-14 15:25:02.136 T:44872   debug <general>: CPythonInvoker(2):     /home/rpeters1428/.kodi/addons/script.module.soupsieve/lib
2026-03-14 15:25:02.136 T:44872   debug <general>: CPythonInvoker(2):     /home/rpeters1428/.kodi/addons/script.module.urllib3/lib
2026-03-14 15:25:02.136 T:44872   debug <general>: CPythonInvoker(2):     /home/rpeters1428/.kodi/addons/script.module.websocket/lib
2026-03-14 15:25:02.136 T:44872   debug <general>: CPythonInvoker(2):   default python path:
2026-03-14 15:25:02.136 T:44872   debug <general>: CPythonInvoker(2):     /usr/lib/python314.zip
2026-03-14 15:25:02.136 T:44872   debug <general>: CPythonInvoker(2):     /usr/lib/python3.14
2026-03-14 15:25:02.136 T:44872   debug <general>: CPythonInvoker(2):     /usr/lib/python3.14/lib-dynload
2026-03-14 15:25:02.136 T:44872   debug <general>: CPythonInvoker(2):     /usr/lib/python3.14/site-packages
2026-03-14 15:25:02.136 T:44872   debug <general>: CPythonInvoker(2): adding args:
2026-03-14 15:25:02.136 T:44872   debug <general>: CPythonInvoker(2):  plugin://plugin.video.cumination/
2026-03-14 15:25:02.136 T:44872   debug <general>: CPythonInvoker(2):  1
2026-03-14 15:25:02.136 T:44872   debug <general>: CPythonInvoker(2):  
2026-03-14 15:25:02.136 T:44872   debug <general>: CPythonInvoker(2):  resume:false
2026-03-14 15:25:02.136 T:44872   debug <general>: CPythonInvoker(2, /home/rpeters1428/.kodi/addons/plugin.video.cumination/default.py): entering source directory /home/rpeters1428/.kodi/addons/plugin.video.cumination
2026-03-14 15:25:02.136 T:44872   debug <general>: CPythonInvoker(2, /home/rpeters1428/.kodi/addons/plugin.video.cumination/default.py): instantiating addon using automatically obtained id of "plugin.video.cumination" dependent on version 3.0.0 of the xbmc.python api
2026-03-14 15:25:02.213 T:44698   debug <general>: ------ Window Init (DialogBusy.xml) ------
2026-03-14 15:25:02.220 T:44872   debug <CAddonSettings[0@plugin.video.cumination]>: trying to load setting definitions from old format...
2026-03-14 15:25:02.221 T:44872   debug <CSettingsManager>: requested setting (changelog_seen_version) was not found.
2026-03-14 15:25:02.221 T:44872   debug <CSettingsManager>: requested setting (cuminationage) was not found.
2026-03-14 15:25:02.221 T:44872   debug <CSettingsManager>: requested setting (current_ua) was not found.
2026-03-14 15:25:02.221 T:44872   debug <CSettingsManager>: requested setting (last_ua_create) was not found.
2026-03-14 15:25:03.054 T:44872   debug <CSettingsManager>: requested setting (tahlogged) was not found.
2026-03-14 15:25:03.084 T:44872   debug <CSettingsManager>: requested setting (xflogged) was not found.
2026-03-14 15:25:03.171 T:44872   debug <CSettingsManager>: requested setting (htvlogged) was not found.
2026-03-14 15:25:03.245 T:44872   debug <CSettingsManager>: requested setting (jblogged) was not found.
2026-03-14 15:25:03.301 T:44872   debug <CSettingsManager>: requested setting (spankbang_quality) was not found.
2026-03-14 15:25:03.301 T:44872   debug <CSettingsManager>: requested setting (spankbang_length) was not found.
2026-03-14 15:25:03.355 T:44872   debug <CSettingsManager>: requested setting (ptlogged) was not found.
2026-03-14 15:25:03.355 T:44872   debug <CSettingsManager>: requested setting (ptlength) was not found.
2026-03-14 15:25:03.365 T:44872   debug <CSettingsManager>: requested setting (cblogged) was not found.
2026-03-14 15:25:03.467 T:44872   debug <CSettingsManager>: requested setting (whlogged) was not found.
2026-03-14 15:25:03.479 T:44872   debug <CSettingsManager>: requested setting (pincode) was not found.
2026-03-14 15:25:03.479 T:44872   debug <CSettingsManager>: requested setting (logintime) was not found.
2026-03-14 15:25:03.480 T:44872   debug <CAddonSettings[0@plugin.video.cumination]>: trying to load setting definitions from old format...
2026-03-14 15:25:03.481 T:44872   debug <CSettingsManager>: requested setting (changelog_seen_version) was not found.
2026-03-14 15:25:03.481 T:44872   debug <CSettingsManager>: requested setting (cuminationage) was not found.
2026-03-14 15:25:03.481 T:44872   debug <CSettingsManager>: requested setting (current_ua) was not found.
2026-03-14 15:25:03.481 T:44872   debug <CSettingsManager>: requested setting (last_ua_create) was not found.
2026-03-14 15:25:03.482 T:44698   debug <general>: Activating window ID: 10147
2026-03-14 15:25:03.482 T:44698   debug <general>: ------ Window Init (DialogTextViewer.xml) ------
2026-03-14 15:25:03.482 T:44698    info <general>: Loading skin file: DialogTextViewer.xml, load type: KEEP_IN_MEMORY
2026-03-14 15:25:04.828 T:44698   debug <general>: ProcessMouse: trying mouse action leftclick
2026-03-14 15:25:05.075 T:44698   debug <general>: ------ Window Deinit (DialogTextViewer.xml) ------
2026-03-14 15:25:05.532 T:44872   debug <general>: CPythonInvoker(2, /home/rpeters1428/.kodi/addons/plugin.video.cumination/default.py): script aborted
2026-03-14 15:25:05.533 T:44872   debug <general>: onExecutionDone(2, /home/rpeters1428/.kodi/addons/plugin.video.cumination/default.py)
2026-03-14 15:25:05.533 T:44872   debug <general>: .
2026-03-14 15:25:05.533 T:44871   debug <general>: Skipped 2 duplicate messages..
2026-03-14 15:25:05.533 T:44871   debug <general>: Thread waiting 140667115267776 terminating
2026-03-14 15:25:05.540 T:44698   debug <general>: ------ Window Deinit (DialogBusy.xml) ------
2026-03-14 15:25:05.553 T:44874   debug <general>: Thread BackgroundLoader start, auto delete: false
2026-03-14 15:25:05.554 T:44698   debug <general>: [threads] name: 'BackgroundLoader' priority: '1'
2026-03-14 15:25:05.555 T:44874   debug <general>: Thread BackgroundLoader 140667115267776 terminating
2026-03-14 15:25:05.621 T:44872   debug <general>: Python interpreter stopped
2026-03-14 15:25:05.621 T:44872   debug <general>: Thread LanguageInvoker 140667560916672 terminating
2026-03-14 15:25:06.119 T:44738   debug <general>: Presentation: Frame was discarded by compositor
2026-03-14 15:25:06.659 T:44698   debug <general>: ProcessMouse: trying mouse action leftclick
2026-03-14 15:25:06.659 T:44698   debug <general>: CGUIMediaWindow::GetDirectory (plugin://plugin.video.cumination/?channel=None&keyword&mode=main.testing_site_list&name=%5bCOLOR%20white%5dTesting%20Sites%5b%2fCOLOR%5d&page&section=None&url)
2026-03-14 15:25:06.659 T:44698   debug <general>:   ParentPath = [plugin://plugin.video.cumination/]
2026-03-14 15:25:06.659 T:44875   debug <general>: Thread waiting start, auto delete: false
2026-03-14 15:25:06.665 T:44745   debug <general>: CAddonDatabase::SetLastUsed[plugin.video.cumination] took 5 ms
2026-03-14 15:25:06.665 T:44875   debug <general>: CScriptRunner: running add-on script Cumination('plugin://plugin.video.cumination/', '2', '?channel=None&keyword&mode=main.testing_site_list&name=%5bCOLOR%20white%5dTesting%20Sites%5b%2fCOLOR%5d&page&section=None&url')
2026-03-14 15:25:06.665 T:44876   debug <general>: Thread LanguageInvoker start, auto delete: false
2026-03-14 15:25:06.665 T:44876   debug <general>: initializing python engine.
2026-03-14 15:25:06.665 T:44876   debug <general>: CPythonInvoker(3, /home/rpeters1428/.kodi/addons/plugin.video.cumination/default.py): start processing
2026-03-14 15:25:06.676 T:44876   debug <general>: -->Python Interpreter Initialized<--
2026-03-14 15:25:06.676 T:44876   debug <general>: 
                                                   
2026-03-14 15:25:06.676 T:44876   debug <general>: CPythonInvoker(3, /home/rpeters1428/.kodi/addons/plugin.video.cumination/default.py): the source file to load is "/home/rpeters1428/.kodi/addons/plugin.video.cumination/default.py"
2026-03-14 15:25:06.676 T:44876   debug <general>: CPythonInvoker(3): full python path:
2026-03-14 15:25:06.676 T:44876   debug <general>: CPythonInvoker(3):   custom python path:
2026-03-14 15:25:06.676 T:44876   debug <general>: CPythonInvoker(3):     /home/rpeters1428/.kodi/addons/plugin.video.cumination
2026-03-14 15:25:06.676 T:44876   debug <general>: CPythonInvoker(3):     /home/rpeters1428/.kodi/addons/script.common.plugin.cache/resources/lib/storage_server/
2026-03-14 15:25:06.676 T:44876   debug <general>: CPythonInvoker(3):     /home/rpeters1428/.kodi/addons/script.module.beautifulsoup4/lib
2026-03-14 15:25:06.676 T:44876   debug <general>: CPythonInvoker(3):     /home/rpeters1428/.kodi/addons/script.module.certifi/lib
2026-03-14 15:25:06.676 T:44876   debug <general>: CPythonInvoker(3):     /home/rpeters1428/.kodi/addons/script.module.chardet/lib
2026-03-14 15:25:06.676 T:44876   debug <general>: CPythonInvoker(3):     /home/rpeters1428/.kodi/addons/script.module.idna/lib
2026-03-14 15:25:06.676 T:44876   debug <general>: CPythonInvoker(3):     /home/rpeters1428/.kodi/addons/script.module.inputstreamhelper/lib
2026-03-14 15:25:06.676 T:44876   debug <general>: CPythonInvoker(3):     /home/rpeters1428/.kodi/addons/script.module.kodi-six/libs
2026-03-14 15:25:06.676 T:44876   debug <general>: CPythonInvoker(3):     /home/rpeters1428/.kodi/addons/script.module.requests/lib
2026-03-14 15:25:06.676 T:44876   debug <general>: CPythonInvoker(3):     /home/rpeters1428/.kodi/addons/script.module.resolveurl.xxx/lib
2026-03-14 15:25:06.676 T:44876   debug <general>: CPythonInvoker(3):     /home/rpeters1428/.kodi/addons/script.module.resolveurl/lib
2026-03-14 15:25:06.676 T:44876   debug <general>: CPythonInvoker(3):     /home/rpeters1428/.kodi/addons/script.module.six/lib
2026-03-14 15:25:06.676 T:44876   debug <general>: CPythonInvoker(3):     /home/rpeters1428/.kodi/addons/script.module.soupsieve/lib
2026-03-14 15:25:06.676 T:44876   debug <general>: CPythonInvoker(3):     /home/rpeters1428/.kodi/addons/script.module.urllib3/lib
2026-03-14 15:25:06.676 T:44876   debug <general>: CPythonInvoker(3):     /home/rpeters1428/.kodi/addons/script.module.websocket/lib
2026-03-14 15:25:06.677 T:44876   debug <general>: CPythonInvoker(3):   default python path:
2026-03-14 15:25:06.677 T:44876   debug <general>: CPythonInvoker(3):     /usr/lib/python314.zip
2026-03-14 15:25:06.677 T:44876   debug <general>: CPythonInvoker(3):     /usr/lib/python3.14
2026-03-14 15:25:06.677 T:44876   debug <general>: CPythonInvoker(3):     /usr/lib/python3.14/lib-dynload
2026-03-14 15:25:06.677 T:44876   debug <general>: CPythonInvoker(3):     /usr/lib/python3.14/site-packages
2026-03-14 15:25:06.677 T:44876   debug <general>: CPythonInvoker(3): adding args:
2026-03-14 15:25:06.677 T:44876   debug <general>: CPythonInvoker(3):  plugin://plugin.video.cumination/
2026-03-14 15:25:06.677 T:44876   debug <general>: CPythonInvoker(3):  2
2026-03-14 15:25:06.677 T:44876   debug <general>: CPythonInvoker(3):  ?channel=None&keyword&mode=main.testing_site_list&name=%5bCOLOR%20white%5dTesting%20Sites%5b%2fCOLOR%5d&page&section=None&url
2026-03-14 15:25:06.677 T:44876   debug <general>: CPythonInvoker(3):  resume:false
2026-03-14 15:25:06.677 T:44876   debug <general>: CPythonInvoker(3, /home/rpeters1428/.kodi/addons/plugin.video.cumination/default.py): entering source directory /home/rpeters1428/.kodi/addons/plugin.video.cumination
2026-03-14 15:25:06.677 T:44876   debug <general>: CPythonInvoker(3, /home/rpeters1428/.kodi/addons/plugin.video.cumination/default.py): instantiating addon using automatically obtained id of "plugin.video.cumination" dependent on version 3.0.0 of the xbmc.python api
2026-03-14 15:25:06.725 T:44876   debug <CAddonSettings[0@plugin.video.cumination]>: trying to load setting definitions from old format...
2026-03-14 15:25:06.726 T:44876   debug <CSettingsManager>: requested setting (changelog_seen_version) was not found.
2026-03-14 15:25:06.726 T:44876   debug <CSettingsManager>: requested setting (cuminationage) was not found.
2026-03-14 15:25:06.726 T:44876   debug <CSettingsManager>: requested setting (current_ua) was not found.
2026-03-14 15:25:06.726 T:44876   debug <CSettingsManager>: requested setting (last_ua_create) was not found.
2026-03-14 15:25:06.760 T:44698   debug <general>: ------ Window Init (DialogBusy.xml) ------
2026-03-14 15:25:07.136 T:44876   debug <CSettingsManager>: requested setting (tahlogged) was not found.
2026-03-14 15:25:07.144 T:44876   debug <CSettingsManager>: requested setting (xflogged) was not found.
2026-03-14 15:25:07.159 T:44876   debug <CSettingsManager>: requested setting (htvlogged) was not found.
2026-03-14 15:25:07.178 T:44876   debug <CSettingsManager>: requested setting (jblogged) was not found.
2026-03-14 15:25:07.190 T:44876   debug <CSettingsManager>: requested setting (spankbang_quality) was not found.
2026-03-14 15:25:07.190 T:44876   debug <CSettingsManager>: requested setting (spankbang_length) was not found.
2026-03-14 15:25:07.202 T:44876   debug <CSettingsManager>: requested setting (ptlogged) was not found.
2026-03-14 15:25:07.202 T:44876   debug <CSettingsManager>: requested setting (ptlength) was not found.
2026-03-14 15:25:07.207 T:44876   debug <CSettingsManager>: requested setting (cblogged) was not found.
2026-03-14 15:25:07.229 T:44876   debug <CSettingsManager>: requested setting (whlogged) was not found.
2026-03-14 15:25:07.232 T:44876   debug <CSettingsManager>: requested setting (pincode) was not found.
2026-03-14 15:25:07.232 T:44876   debug <CSettingsManager>: requested setting (logintime) was not found.
2026-03-14 15:25:07.245 T:44876   debug <general>: CPythonInvoker(3, /home/rpeters1428/.kodi/addons/plugin.video.cumination/default.py): script aborted
2026-03-14 15:25:07.245 T:44876   debug <general>: onExecutionDone(3, /home/rpeters1428/.kodi/addons/plugin.video.cumination/default.py)
2026-03-14 15:25:07.245 T:44875   debug <general>: Thread waiting 140667100583616 terminating
2026-03-14 15:25:07.245 T:44876   debug <general>: .
2026-03-14 15:25:07.253 T:44698   debug <general>: Skipped 2 duplicate messages..
2026-03-14 15:25:07.253 T:44698   debug <general>: ------ Window Deinit (DialogBusy.xml) ------
2026-03-14 15:25:07.266 T:44877   debug <general>: Thread BackgroundLoader start, auto delete: false
2026-03-14 15:25:07.266 T:44698   debug <general>: [threads] name: 'BackgroundLoader' priority: '1'
2026-03-14 15:25:07.269 T:44877   debug <general>: Thread BackgroundLoader 140667115267776 terminating
2026-03-14 15:25:07.347 T:44876   debug <general>: Python interpreter stopped
2026-03-14 15:25:07.347 T:44876   debug <general>: Thread LanguageInvoker 140667560916672 terminating
2026-03-14 15:25:08.411 T:44738   debug <general>: Presentation: Frame was discarded by compositor
2026-03-14 15:25:08.460 T:44698   debug <general>: ProcessMouse: trying mouse action leftclick
2026-03-14 15:25:08.460 T:44698   debug <general>: CGUIMediaWindow::GetDirectory (plugin://plugin.video.cumination/?channel=None&keyword&mode=javseen.Main&name=%5bCOLOR%20gold%5d%5bTEST%5d%5b%2fCOLOR%5d%20%5bCOLOR%20hotpink%5dJAVSeen%5b%2fCOLOR%5d&page=None&section=None&url=https%3a%2f%2fjavseen.tv%2f)
2026-03-14 15:25:08.460 T:44698   debug <general>:   ParentPath = [plugin://plugin.video.cumination/?channel=None&keyword&mode=main.testing_site_list&name=%5bCOLOR%20white%5dTesting%20Sites%5b%2fCOLOR%5d&page&section=None&url]
2026-03-14 15:25:08.461 T:44878   debug <general>: Thread waiting start, auto delete: false
2026-03-14 15:25:08.474 T:44745   debug <general>: CAddonDatabase::SetLastUsed[plugin.video.cumination] took 13 ms
2026-03-14 15:25:08.475 T:44878   debug <general>: CScriptRunner: running add-on script Cumination('plugin://plugin.video.cumination/', '3', '?channel=None&keyword&mode=javseen.Main&name=%5bCOLOR%20gold%5d%5bTEST%5d%5b%2fCOLOR%5d%20%5bCOLOR%20hotpink%5dJAVSeen%5b%2fCOLOR%5d&page=None&section=None&url=https%3a%2f%2fjavseen.tv%2f')
2026-03-14 15:25:08.475 T:44879   debug <general>: Thread LanguageInvoker start, auto delete: false
2026-03-14 15:25:08.475 T:44879   debug <general>: initializing python engine.
2026-03-14 15:25:08.475 T:44879   debug <general>: CPythonInvoker(4, /home/rpeters1428/.kodi/addons/plugin.video.cumination/default.py): start processing
2026-03-14 15:25:08.486 T:44879   debug <general>: -->Python Interpreter Initialized<--
2026-03-14 15:25:08.486 T:44879   debug <general>: 
                                                   
2026-03-14 15:25:08.486 T:44879   debug <general>: CPythonInvoker(4, /home/rpeters1428/.kodi/addons/plugin.video.cumination/default.py): the source file to load is "/home/rpeters1428/.kodi/addons/plugin.video.cumination/default.py"
2026-03-14 15:25:08.486 T:44879   debug <general>: CPythonInvoker(4): full python path:
2026-03-14 15:25:08.486 T:44879   debug <general>: CPythonInvoker(4):   custom python path:
2026-03-14 15:25:08.486 T:44879   debug <general>: CPythonInvoker(4):     /home/rpeters1428/.kodi/addons/plugin.video.cumination
2026-03-14 15:25:08.486 T:44879   debug <general>: CPythonInvoker(4):     /home/rpeters1428/.kodi/addons/script.common.plugin.cache/resources/lib/storage_server/
2026-03-14 15:25:08.486 T:44879   debug <general>: CPythonInvoker(4):     /home/rpeters1428/.kodi/addons/script.module.beautifulsoup4/lib
2026-03-14 15:25:08.486 T:44879   debug <general>: CPythonInvoker(4):     /home/rpeters1428/.kodi/addons/script.module.certifi/lib
2026-03-14 15:25:08.486 T:44879   debug <general>: CPythonInvoker(4):     /home/rpeters1428/.kodi/addons/script.module.chardet/lib
2026-03-14 15:25:08.486 T:44879   debug <general>: CPythonInvoker(4):     /home/rpeters1428/.kodi/addons/script.module.idna/lib
2026-03-14 15:25:08.486 T:44879   debug <general>: CPythonInvoker(4):     /home/rpeters1428/.kodi/addons/script.module.inputstreamhelper/lib
2026-03-14 15:25:08.486 T:44879   debug <general>: CPythonInvoker(4):     /home/rpeters1428/.kodi/addons/script.module.kodi-six/libs
2026-03-14 15:25:08.486 T:44879   debug <general>: CPythonInvoker(4):     /home/rpeters1428/.kodi/addons/script.module.requests/lib
2026-03-14 15:25:08.486 T:44879   debug <general>: CPythonInvoker(4):     /home/rpeters1428/.kodi/addons/script.module.resolveurl.xxx/lib
2026-03-14 15:25:08.486 T:44879   debug <general>: CPythonInvoker(4):     /home/rpeters1428/.kodi/addons/script.module.resolveurl/lib
2026-03-14 15:25:08.486 T:44879   debug <general>: CPythonInvoker(4):     /home/rpeters1428/.kodi/addons/script.module.six/lib
2026-03-14 15:25:08.486 T:44879   debug <general>: CPythonInvoker(4):     /home/rpeters1428/.kodi/addons/script.module.soupsieve/lib
2026-03-14 15:25:08.486 T:44879   debug <general>: CPythonInvoker(4):     /home/rpeters1428/.kodi/addons/script.module.urllib3/lib
2026-03-14 15:25:08.486 T:44879   debug <general>: CPythonInvoker(4):     /home/rpeters1428/.kodi/addons/script.module.websocket/lib
2026-03-14 15:25:08.486 T:44879   debug <general>: CPythonInvoker(4):   default python path:
2026-03-14 15:25:08.486 T:44879   debug <general>: CPythonInvoker(4):     /usr/lib/python314.zip
2026-03-14 15:25:08.486 T:44879   debug <general>: CPythonInvoker(4):     /usr/lib/python3.14
2026-03-14 15:25:08.486 T:44879   debug <general>: CPythonInvoker(4):     /usr/lib/python3.14/lib-dynload
2026-03-14 15:25:08.486 T:44879   debug <general>: CPythonInvoker(4):     /usr/lib/python3.14/site-packages
2026-03-14 15:25:08.486 T:44879   debug <general>: CPythonInvoker(4): adding args:
2026-03-14 15:25:08.486 T:44879   debug <general>: CPythonInvoker(4):  plugin://plugin.video.cumination/
2026-03-14 15:25:08.486 T:44879   debug <general>: CPythonInvoker(4):  3
2026-03-14 15:25:08.486 T:44879   debug <general>: CPythonInvoker(4):  ?channel=None&keyword&mode=javseen.Main&name=%5bCOLOR%20gold%5d%5bTEST%5d%5b%2fCOLOR%5d%20%5bCOLOR%20hotpink%5dJAVSeen%5b%2fCOLOR%5d&page=None&section=None&url=https%3a%2f%2fjavseen.tv%2f
2026-03-14 15:25:08.486 T:44879   debug <general>: CPythonInvoker(4):  resume:false
2026-03-14 15:25:08.486 T:44879   debug <general>: CPythonInvoker(4, /home/rpeters1428/.kodi/addons/plugin.video.cumination/default.py): entering source directory /home/rpeters1428/.kodi/addons/plugin.video.cumination
2026-03-14 15:25:08.486 T:44879   debug <general>: CPythonInvoker(4, /home/rpeters1428/.kodi/addons/plugin.video.cumination/default.py): instantiating addon using automatically obtained id of "plugin.video.cumination" dependent on version 3.0.0 of the xbmc.python api
2026-03-14 15:25:08.532 T:44879   debug <CAddonSettings[0@plugin.video.cumination]>: trying to load setting definitions from old format...
2026-03-14 15:25:08.533 T:44879   debug <CSettingsManager>: requested setting (changelog_seen_version) was not found.
2026-03-14 15:25:08.533 T:44879   debug <CSettingsManager>: requested setting (cuminationage) was not found.
2026-03-14 15:25:08.533 T:44879   debug <CSettingsManager>: requested setting (current_ua) was not found.
2026-03-14 15:25:08.533 T:44879   debug <CSettingsManager>: requested setting (last_ua_create) was not found.
2026-03-14 15:25:08.561 T:44698   debug <general>: ------ Window Init (DialogBusy.xml) ------
2026-03-14 15:25:08.901 T:44879   debug <CSettingsManager>: requested setting (tahlogged) was not found.
2026-03-14 15:25:08.906 T:44879   debug <CSettingsManager>: requested setting (xflogged) was not found.
2026-03-14 15:25:08.920 T:44879   debug <CSettingsManager>: requested setting (htvlogged) was not found.
2026-03-14 15:25:08.933 T:44879   debug <CSettingsManager>: requested setting (jblogged) was not found.
2026-03-14 15:25:08.942 T:44879   debug <CSettingsManager>: requested setting (spankbang_quality) was not found.
2026-03-14 15:25:08.942 T:44879   debug <CSettingsManager>: requested setting (spankbang_length) was not found.
2026-03-14 15:25:08.954 T:44879   debug <CSettingsManager>: requested setting (ptlogged) was not found.
2026-03-14 15:25:08.954 T:44879   debug <CSettingsManager>: requested setting (ptlength) was not found.
2026-03-14 15:25:08.955 T:44879   debug <CSettingsManager>: requested setting (cblogged) was not found.
2026-03-14 15:25:08.971 T:44879   debug <CSettingsManager>: requested setting (whlogged) was not found.
2026-03-14 15:25:08.976 T:44879   debug <CSettingsManager>: requested setting (pincode) was not found.
2026-03-14 15:25:08.976 T:44879   debug <CSettingsManager>: requested setting (logintime) was not found.
2026-03-14 15:25:10.994 T:44879   debug <CSettingsManager>: requested setting (favorder) was not found.
2026-03-14 15:25:11.022 T:44879   debug <general>: Skipped 29 duplicate messages..
2026-03-14 15:25:11.022 T:44879   debug <general>: CPythonInvoker(4, /home/rpeters1428/.kodi/addons/plugin.video.cumination/default.py): script aborted
2026-03-14 15:25:11.022 T:44879   debug <general>: onExecutionDone(4, /home/rpeters1428/.kodi/addons/plugin.video.cumination/default.py)
2026-03-14 15:25:11.023 T:44879   debug <general>: .
2026-03-14 15:25:11.024 T:44878   debug <general>: Skipped 2 duplicate messages..
2026-03-14 15:25:11.024 T:44878   debug <general>: Thread waiting 140667100583616 terminating
2026-03-14 15:25:11.064 T:44879   debug <general>: Python interpreter stopped
2026-03-14 15:25:11.064 T:44879   debug <general>: Thread LanguageInvoker 140667560916672 terminating
2026-03-14 15:25:11.079 T:44698   debug <general>: ------ Window Deinit (DialogBusy.xml) ------
2026-03-14 15:25:11.087 T:44698   debug <general>: Saving fileitems [plugin://plugin.video.cumination/?channel=None&keyword&mode=javseen.Main&name=%5bCOLOR%20gold%5d%5bTEST%5d%5b%2fCOLOR%5d%20%5bCOLOR%20hotpink%5dJAVSeen%5b%2fCOLOR%5d&page=None&section=None&url=https%3a%2f%2fjavseen.tv%2f]
2026-03-14 15:25:11.089 T:44698   debug <general>:   -- items: 33, sort method: 0, ascending: false
2026-03-14 15:25:11.091 T:44893   debug <general>: Thread BackgroundLoader start, auto delete: false
2026-03-14 15:25:11.091 T:44698   debug <general>: [threads] name: 'BackgroundLoader' priority: '1'
2026-03-14 15:25:11.095 T:44738   debug <general>: Presentation: Frame was discarded by compositor
2026-03-14 15:25:11.098 T:44893   debug <general>: Thread BackgroundLoader 140667115267776 terminating
2026-03-14 15:25:11.649 T:44745   debug <general>: easy_acquire - Created session to https://pics.javseen.tv
2026-03-14 15:25:11.760 T:44897   debug <general>: Skipped 2 duplicate messages..
2026-03-14 15:25:11.760 T:44897   debug <general>: Thread JobWorker start, auto delete: true
2026-03-14 15:25:11.760 T:44897   debug <general>: [threads] name: 'JobWorker' priority: '1'
2026-03-14 15:25:11.760 T:44897   debug <general>: easy_acquire - Created session to https://pics.javseen.tv
2026-03-14 15:25:12.635 T:44745   debug <general>: CCurlFile::GetMimeType - <https://pics.javseen.tv/media/videos/tmb//000/274/305/1.jpg> -> image/jpeg
2026-03-14 15:25:12.635 T:44897   debug <general>: CCurlFile::GetMimeType - <https://pics.javseen.tv/media/videos/tmb//000/274/302/1.jpg> -> image/jpeg
2026-03-14 15:25:12.635 T:44746   debug <general>: CCurlFile::GetMimeType - <https://pics.javseen.tv/media/videos/tmb//000/274/303/1.jpg> -> image/jpeg
2026-03-14 15:25:12.635 T:44744   debug <general>: CCurlFile::GetMimeType - <https://pics.javseen.tv/media/videos/tmb//000/274/304/1.jpg> -> image/jpeg
2026-03-14 15:25:12.635 T:44745   debug <general>: CurlFile::Open - <https://pics.javseen.tv/media/videos/tmb//000/274/305/1.jpg>
2026-03-14 15:25:12.635 T:44746   debug <general>: CurlFile::Open - <https://pics.javseen.tv/media/videos/tmb//000/274/303/1.jpg>
2026-03-14 15:25:12.635 T:44897   debug <general>: CurlFile::Open - <https://pics.javseen.tv/media/videos/tmb//000/274/302/1.jpg>
2026-03-14 15:25:12.635 T:44744   debug <general>: CurlFile::Open - <https://pics.javseen.tv/media/videos/tmb//000/274/304/1.jpg>
2026-03-14 15:25:12.916 T:44744   debug <general>: Caching image 'https://pics.javseen.tv/media/videos/tmb//000/274/304/1.jpg' to '8/8daf401f.jpg':
2026-03-14 15:25:12.916 T:44744   debug <general>: cached image 'special://masterprofile/Thumbnails/8/8daf401f.jpg' size 265x374
2026-03-14 15:25:12.916 T:44746   debug <general>: Caching image 'https://pics.javseen.tv/media/videos/tmb//000/274/303/1.jpg' to '6/65ca45df.jpg':
2026-03-14 15:25:12.917 T:44746   debug <general>: cached image 'special://masterprofile/Thumbnails/6/65ca45df.jpg' size 265x374
2026-03-14 15:25:12.917 T:44745   debug <general>: Caching image 'https://pics.javseen.tv/media/videos/tmb//000/274/305/1.jpg' to 'c/c2f8280e.jpg':
2026-03-14 15:25:12.917 T:44745   debug <general>: cached image 'special://masterprofile/Thumbnails/c/c2f8280e.jpg' size 265x374
2026-03-14 15:25:12.969 T:44897   debug <general>: Caching image 'https://pics.javseen.tv/media/videos/tmb//000/274/302/1.jpg' to '2/2a9d2dce.jpg':
2026-03-14 15:25:12.969 T:44897   debug <general>: cached image 'special://masterprofile/Thumbnails/2/2a9d2dce.jpg' size 265x374
2026-03-14 15:25:13.192 T:44744   debug <general>: CCurlFile::GetMimeType - <https://pics.javseen.tv/media/videos/tmb//000/274/301/1.jpg> -> image/jpeg
2026-03-14 15:25:13.192 T:44744   debug <general>: CurlFile::Open - <https://pics.javseen.tv/media/videos/tmb//000/274/301/1.jpg>
2026-03-14 15:25:13.317 T:44744   debug <general>: Caching image 'https://pics.javseen.tv/media/videos/tmb//000/274/301/1.jpg' to 'f/fb6495fd.jpg':
2026-03-14 15:25:13.317 T:44744   debug <general>: cached image 'special://masterprofile/Thumbnails/f/fb6495fd.jpg' size 265x374
2026-03-14 15:25:13.368 T:44897   debug <general>: CCurlFile::GetMimeType - <https://pics.javseen.tv/media/videos/tmb//000/274/300/1.jpg> -> image/jpeg
2026-03-14 15:25:13.369 T:44897   debug <general>: CurlFile::Open - <https://pics.javseen.tv/media/videos/tmb//000/274/300/1.jpg>
2026-03-14 15:25:13.444 T:44897   debug <general>: Caching image 'https://pics.javseen.tv/media/videos/tmb//000/274/300/1.jpg' to 'b/b433fdec.jpg':
2026-03-14 15:25:13.444 T:44897   debug <general>: cached image 'special://masterprofile/Thumbnails/b/b433fdec.jpg' size 265x374
2026-03-14 15:25:14.581 T:44746   debug <general>: CCurlFile::GetMimeType - <https://pics.javseen.tv/media/videos/tmb//000/274/299/1.jpg> -> image/jpeg
2026-03-14 15:25:14.582 T:44746   debug <general>: CurlFile::Open - <https://pics.javseen.tv/media/videos/tmb//000/274/299/1.jpg>
2026-03-14 15:25:14.637 T:44746   debug <general>: Caching image 'https://pics.javseen.tv/media/videos/tmb//000/274/299/1.jpg' to 'f/f5704589.jpg':
2026-03-14 15:25:14.637 T:44746   debug <general>: cached image 'special://masterprofile/Thumbnails/f/f5704589.jpg' size 265x374
2026-03-14 15:25:15.243 T:44698   debug <general>: ProcessMouse: trying mouse action wheeldown
2026-03-14 15:25:15.301 T:44745   debug <general>: Skipped 8 duplicate messages..
2026-03-14 15:25:15.301 T:44745   debug <general>: CCurlFile::GetMimeType - <https://pics.javseen.tv/media/videos/tmb//000/274/296/1.jpg> -> image/jpeg
2026-03-14 15:25:15.301 T:44745   debug <general>: CurlFile::Open - <https://pics.javseen.tv/media/videos/tmb//000/274/296/1.jpg>
2026-03-14 15:25:15.309 T:44698   debug <general>: ProcessMouse: trying mouse action wheeldown
2026-03-14 15:25:15.372 T:44745   debug <general>: Skipped 4 duplicate messages..
2026-03-14 15:25:15.372 T:44745   debug <general>: Caching image 'https://pics.javseen.tv/media/videos/tmb//000/274/296/1.jpg' to '6/6e2c3baf.jpg':
2026-03-14 15:25:15.372 T:44745   debug <general>: cached image 'special://masterprofile/Thumbnails/6/6e2c3baf.jpg' size 265x374
2026-03-14 15:25:15.376 T:44698   debug <general>: ProcessMouse: trying mouse action wheeldown
2026-03-14 15:25:15.389 T:44744   debug <general>: CCurlFile::GetMimeType - <https://pics.javseen.tv/media/videos/tmb//000/274/297/1.jpg> -> image/jpeg
2026-03-14 15:25:15.389 T:44744   debug <general>: CurlFile::Open - <https://pics.javseen.tv/media/videos/tmb//000/274/297/1.jpg>
2026-03-14 15:25:15.446 T:44897   debug <general>: CCurlFile::GetMimeType - <https://pics.javseen.tv/media/videos/tmb//000/274/293/1.jpg> -> image/jpeg
2026-03-14 15:25:15.446 T:44746   debug <general>: CCurlFile::GetMimeType - <https://pics.javseen.tv/media/videos/tmb//000/274/295/1.jpg> -> image/jpeg
2026-03-14 15:25:15.446 T:44897   debug <general>: CurlFile::Open - <https://pics.javseen.tv/media/videos/tmb//000/274/293/1.jpg>
2026-03-14 15:25:15.446 T:44746   debug <general>: CurlFile::Open - <https://pics.javseen.tv/media/videos/tmb//000/274/295/1.jpg>
2026-03-14 15:25:15.465 T:44744   debug <general>: Caching image 'https://pics.javseen.tv/media/videos/tmb//000/274/297/1.jpg' to '2/217b53be.jpg':
2026-03-14 15:25:15.465 T:44744   debug <general>: cached image 'special://masterprofile/Thumbnails/2/217b53be.jpg' size 265x374
2026-03-14 15:25:15.506 T:44746   debug <general>: Caching image 'https://pics.javseen.tv/media/videos/tmb//000/274/295/1.jpg' to 'b/bfd5839c.jpg':
2026-03-14 15:25:15.506 T:44746   debug <general>: cached image 'special://masterprofile/Thumbnails/b/bfd5839c.jpg' size 265x374
2026-03-14 15:25:15.522 T:44897   debug <general>: Caching image 'https://pics.javseen.tv/media/videos/tmb//000/274/293/1.jpg' to '1/18e7ee4d.jpg':
2026-03-14 15:25:15.522 T:44897   debug <general>: cached image 'special://masterprofile/Thumbnails/1/18e7ee4d.jpg' size 265x374
2026-03-14 15:25:16.291 T:44738   debug <general>: Presentation: Frame was discarded by compositor
2026-03-14 15:25:22.220 T:44698   debug <general>: Skipped 3 duplicate messages..
2026-03-14 15:25:22.220 T:44698   debug <general>: ProcessMouse: trying mouse action leftclick
2026-03-14 15:25:22.221 T:44698   debug <general>: CScriptRunner: running add-on script Cumination('plugin://plugin.video.cumination/', '-1', '?url=https%3A%2F%2Fjavseen.tv%2F274291%2Fmosaic-bokd-314-i-can-t-stop-ejaculating-bulging-dick-cosplay-saotome-chika%2F&mode=javseen.Playvid&name=Mosaic+BOKD-314+I+Can%27t+Stop+Ejaculating%21+Bulging+Dick+Cosplay+Saotome+Chika')
2026-03-14 15:25:22.221 T:44924   debug <general>: Thread LanguageInvoker start, auto delete: false
2026-03-14 15:25:22.221 T:44924   debug <general>: initializing python engine.
2026-03-14 15:25:22.221 T:44924   debug <general>: CPythonInvoker(5, /home/rpeters1428/.kodi/addons/plugin.video.cumination/default.py): start processing
2026-03-14 15:25:22.245 T:44924   debug <general>: -->Python Interpreter Initialized<--
2026-03-14 15:25:22.245 T:44924   debug <general>: 
                                                   
2026-03-14 15:25:22.245 T:44924   debug <general>: CPythonInvoker(5, /home/rpeters1428/.kodi/addons/plugin.video.cumination/default.py): the source file to load is "/home/rpeters1428/.kodi/addons/plugin.video.cumination/default.py"
2026-03-14 15:25:22.245 T:44924   debug <general>: CPythonInvoker(5): full python path:
2026-03-14 15:25:22.245 T:44924   debug <general>: CPythonInvoker(5):   custom python path:
2026-03-14 15:25:22.245 T:44924   debug <general>: CPythonInvoker(5):     /home/rpeters1428/.kodi/addons/plugin.video.cumination
2026-03-14 15:25:22.245 T:44924   debug <general>: CPythonInvoker(5):     /home/rpeters1428/.kodi/addons/script.common.plugin.cache/resources/lib/storage_server/
2026-03-14 15:25:22.245 T:44924   debug <general>: CPythonInvoker(5):     /home/rpeters1428/.kodi/addons/script.module.beautifulsoup4/lib
2026-03-14 15:25:22.245 T:44924   debug <general>: CPythonInvoker(5):     /home/rpeters1428/.kodi/addons/script.module.certifi/lib
2026-03-14 15:25:22.245 T:44924   debug <general>: CPythonInvoker(5):     /home/rpeters1428/.kodi/addons/script.module.chardet/lib
2026-03-14 15:25:22.245 T:44924   debug <general>: CPythonInvoker(5):     /home/rpeters1428/.kodi/addons/script.module.idna/lib
2026-03-14 15:25:22.245 T:44924   debug <general>: CPythonInvoker(5):     /home/rpeters1428/.kodi/addons/script.module.inputstreamhelper/lib
2026-03-14 15:25:22.245 T:44924   debug <general>: CPythonInvoker(5):     /home/rpeters1428/.kodi/addons/script.module.kodi-six/libs
2026-03-14 15:25:22.245 T:44924   debug <general>: CPythonInvoker(5):     /home/rpeters1428/.kodi/addons/script.module.requests/lib
2026-03-14 15:25:22.245 T:44924   debug <general>: CPythonInvoker(5):     /home/rpeters1428/.kodi/addons/script.module.resolveurl.xxx/lib
2026-03-14 15:25:22.245 T:44924   debug <general>: CPythonInvoker(5):     /home/rpeters1428/.kodi/addons/script.module.resolveurl/lib
2026-03-14 15:25:22.245 T:44924   debug <general>: CPythonInvoker(5):     /home/rpeters1428/.kodi/addons/script.module.six/lib
2026-03-14 15:25:22.245 T:44924   debug <general>: CPythonInvoker(5):     /home/rpeters1428/.kodi/addons/script.module.soupsieve/lib
2026-03-14 15:25:22.245 T:44924   debug <general>: CPythonInvoker(5):     /home/rpeters1428/.kodi/addons/script.module.urllib3/lib
2026-03-14 15:25:22.245 T:44924   debug <general>: CPythonInvoker(5):     /home/rpeters1428/.kodi/addons/script.module.websocket/lib
2026-03-14 15:25:22.245 T:44924   debug <general>: CPythonInvoker(5):   default python path:
2026-03-14 15:25:22.245 T:44924   debug <general>: CPythonInvoker(5):     /usr/lib/python314.zip
2026-03-14 15:25:22.245 T:44924   debug <general>: CPythonInvoker(5):     /usr/lib/python3.14
2026-03-14 15:25:22.245 T:44924   debug <general>: CPythonInvoker(5):     /usr/lib/python3.14/lib-dynload
2026-03-14 15:25:22.246 T:44924   debug <general>: CPythonInvoker(5):     /usr/lib/python3.14/site-packages
2026-03-14 15:25:22.246 T:44924   debug <general>: CPythonInvoker(5): adding args:
2026-03-14 15:25:22.246 T:44924   debug <general>: CPythonInvoker(5):  plugin://plugin.video.cumination/
2026-03-14 15:25:22.246 T:44924   debug <general>: CPythonInvoker(5):  -1
2026-03-14 15:25:22.246 T:44924   debug <general>: CPythonInvoker(5):  ?url=https%3A%2F%2Fjavseen.tv%2F274291%2Fmosaic-bokd-314-i-can-t-stop-ejaculating-bulging-dick-cosplay-saotome-chika%2F&mode=javseen.Playvid&name=Mosaic+BOKD-314+I+Can%27t+Stop+Ejaculating%21+Bulging+Dick+Cosplay+Saotome+Chika
2026-03-14 15:25:22.246 T:44924   debug <general>: CPythonInvoker(5):  resume:false
2026-03-14 15:25:22.246 T:44924   debug <general>: CPythonInvoker(5, /home/rpeters1428/.kodi/addons/plugin.video.cumination/default.py): entering source directory /home/rpeters1428/.kodi/addons/plugin.video.cumination
2026-03-14 15:25:22.246 T:44924   debug <general>: CPythonInvoker(5, /home/rpeters1428/.kodi/addons/plugin.video.cumination/default.py): instantiating addon using automatically obtained id of "plugin.video.cumination" dependent on version 3.0.0 of the xbmc.python api
2026-03-14 15:25:22.336 T:44924   debug <CAddonSettings[0@plugin.video.cumination]>: trying to load setting definitions from old format...
2026-03-14 15:25:22.338 T:44924   debug <CSettingsManager>: requested setting (changelog_seen_version) was not found.
2026-03-14 15:25:22.338 T:44924   debug <CSettingsManager>: requested setting (cuminationage) was not found.
2026-03-14 15:25:22.338 T:44924   debug <CSettingsManager>: requested setting (current_ua) was not found.
2026-03-14 15:25:22.339 T:44924   debug <CSettingsManager>: requested setting (last_ua_create) was not found.
2026-03-14 15:25:22.737 T:44924   debug <CSettingsManager>: requested setting (tahlogged) was not found.
2026-03-14 15:25:22.745 T:44924   debug <CSettingsManager>: requested setting (xflogged) was not found.
2026-03-14 15:25:22.761 T:44924   debug <CSettingsManager>: requested setting (htvlogged) was not found.
2026-03-14 15:25:22.774 T:44924   debug <CSettingsManager>: requested setting (jblogged) was not found.
2026-03-14 15:25:22.785 T:44924   debug <CSettingsManager>: requested setting (spankbang_quality) was not found.
2026-03-14 15:25:22.785 T:44924   debug <CSettingsManager>: requested setting (spankbang_length) was not found.
2026-03-14 15:25:22.795 T:44924   debug <CSettingsManager>: requested setting (ptlogged) was not found.
2026-03-14 15:25:22.795 T:44924   debug <CSettingsManager>: requested setting (ptlength) was not found.
2026-03-14 15:25:22.797 T:44924   debug <CSettingsManager>: requested setting (cblogged) was not found.
2026-03-14 15:25:22.814 T:44924   debug <CSettingsManager>: requested setting (whlogged) was not found.
2026-03-14 15:25:22.820 T:44924   debug <CSettingsManager>: requested setting (pincode) was not found.
2026-03-14 15:25:22.820 T:44924   debug <CSettingsManager>: requested setting (logintime) was not found.
2026-03-14 15:25:22.824 T:44924   debug <general>: DialogProgress::Open called 
2026-03-14 15:25:22.833 T:44698   debug <general>: ------ Window Init (DialogConfirm.xml) ------
2026-03-14 15:25:22.833 T:44698    info <general>: Loading skin file: DialogConfirm.xml, load type: KEEP_IN_MEMORY
2026-03-14 15:25:22.857 T:44924   debug <CAddonSettings[0@script.module.resolveurl]>: trying to load setting definitions from old format...
2026-03-14 15:25:23.149 T:44924   debug <general>: Skipped 1 duplicate messages..
2026-03-14 15:25:23.149 T:44924   debug <general>: ResolveURL: Initializing ResolveURL version: 5.1.195
